Archive member included because of file (symbol)

contiki-sky.a(rimeaddr.o)     obj_sky/no-framer.o (rimeaddr_copy)
contiki-sky.a(nullmac.o)      slip-radio.co (nullmac_driver)
contiki-sky.a(frame802154.o)  obj_sky/no-framer.o (frame802154_parse)
contiki-sky.a(sicslowmac.o)   obj_sky/slip-net.o (packetbuf_copyto)
contiki-sky.a(contikimac.o)   slip-radio.co (contikimac_driver)
contiki-sky.a(phase.o)        contiki-sky.a(contikimac.o) (phase_update)
contiki-sky.a(process.o)      obj_sky/contiki-sky-main.o (process_init)
contiki-sky.a(autostart.o)    obj_sky/contiki-sky-main.o (autostart_start)
contiki-sky.a(compower.o)     contiki-sky.a(contikimac.o) (compower_accumulate)
contiki-sky.a(memb.o)         contiki-sky.a(phase.o) (memb_init)
contiki-sky.a(timer.o)        obj_sky/contiki-sky-main.o (timer_set)
contiki-sky.a(list.o)         contiki-sky.a(contikimac.o) (list_item_next)
contiki-sky.a(etimer.o)       obj_sky/contiki-sky-main.o (etimer_process)
contiki-sky.a(ctimer.o)       obj_sky/contiki-sky-main.o (ctimer_init)
contiki-sky.a(energest.o)     obj_sky/contiki-sky-main.o (energest_init)
contiki-sky.a(rtimer.o)       obj_sky/contiki-sky-main.o (rtimer_init)
contiki-sky.a(random.o)       obj_sky/contiki-sky-main.o (random_init)
contiki-sky.a(nbr-table.o)    contiki-sky.a(phase.o) (nbr_table_register)
contiki-sky.a(queuebuf.o)     obj_sky/contiki-sky-main.o (queuebuf_init)
contiki-sky.a(tcpip.o)        obj_sky/contiki-sky-main.o (tcpip_process)
contiki-sky.a(uip-ds6-route.o)
                              contiki-sky.a(tcpip.o) (uip_ds6_route_nexthop)
contiki-sky.a(uip-ds6-nbr.o)  contiki-sky.a(tcpip.o) (uip_ds6_nbr_add)
contiki-sky.a(uip-ds6.o)      contiki-sky.a(tcpip.o) (uip_ds6_is_addr_onlink)
contiki-sky.a(uip-nd6.o)      contiki-sky.a(tcpip.o) (uip_nd6_ns_output)
contiki-sky.a(uip-packetqueue)
                              contiki-sky.a(uip-ds6-nbr.o) (uip_packetqueue_new)
contiki-sky.a(uip6.o)         slip-radio.co (uip_aligned_buf)
contiki-sky.a(cmd.o)          slip-radio.co (cmd_input)
contiki-sky.a(packetutils.o)  slip-radio.co (packetutils_deserialize_atts)
contiki-sky.a(contiki-sky-pla)
                              obj_sky/contiki-sky-main.o (init_platform)
contiki-sky.a(sht11-sensor.o)
                              obj_sky/slip-radio-sky-sensors.o (sht11_sensor)
contiki-sky.a(button-sensor.o)
                              contiki-sky.a(contiki-sky-pla) (button_sensor)
contiki-sky.a(ds2411.o)       obj_sky/contiki-sky-main.o (ds2411_init)
contiki-sky.a(xmem.o)         obj_sky/contiki-sky-main.o (xmem_init)
contiki-sky.a(node-id.o)      obj_sky/contiki-sky-main.o (node_id_restore)
contiki-sky.a(sensors.o)      contiki-sky.a(button-sensor.o) (sensors_changed)
contiki-sky.a(cc2420.o)       obj_sky/slip-radio-cc2420.o (cc2420_get_channel)
contiki-sky.a(cc2420-arch.o)  contiki-sky.a(cc2420.o) (cc2420_arch_init)
contiki-sky.a(uart1.o)        obj_sky/contiki-sky-main.o (uart1_active)
contiki-sky.a(slip_uart1.o)   slip-radio.co (slip_arch_writeb)
contiki-sky.a(slip.o)         slip-radio.co (slip_process)
contiki-sky.a(msp430.o)       contiki-sky.a(uart1.o) (msp430_add_lpm_req)
contiki-sky.a(clock.o)        contiki-sky.a(timer.o) (clock_time)
contiki-sky.a(leds.o)         obj_sky/contiki-sky-main.o (leds_init)
contiki-sky.a(leds-arch.o)    contiki-sky.a(leds.o) (leds_arch_init)
contiki-sky.a(watchdog.o)     obj_sky/contiki-sky-main.o (watchdog_start)
contiki-sky.a(rtimer-arch.o)  contiki-sky.a(rtimer.o) (rtimer_arch_init)
contiki-sky.a(mac.o)          contiki-sky.a(contikimac.o) (mac_call_sent_callback)
contiki-sky.a(stimer.o)       contiki-sky.a(tcpip.o) (stimer_set)
contiki-sky.a(uip-icmp6.o)    contiki-sky.a(uip6.o) (uip_icmp6_echo_request_input)
contiki-sky.a(sht11.o)        contiki-sky.a(sht11-sensor.o) (sht11_init)
contiki-sky.a(spi.o)          contiki-sky.a(xmem.o) (spi_init)
/usr/lib/gcc/msp430/4.6.3/mmpy-16/libgcc.a(_mulsi3.o)
                              contiki-sky.a(nbr-table.o) (__mulsi3)
/usr/lib/gcc/msp430/4.6.3/mmpy-16/libgcc.a(_udivmod16.o)
                              contiki-sky.a(phase.o) (__umodhi3)
/usr/lib/gcc/msp430/4.6.3/mmpy-16/libgcc.a(_divmod16.o)
                              obj_sky/slip-radio-sky-sensors.o (__divhi3)
/usr/lib/gcc/msp430/4.6.3/mmpy-16/libgcc.a(_udivmod32.o)
                              obj_sky/contiki-sky-main.o (__udivsi3)
/usr/lib/gcc/msp430/4.6.3/mmpy-16/libgcc.a(_divmod32.o)
                              obj_sky/slip-radio-sky-sensors.o (__divsi3)
/usr/lib/gcc/msp430/4.6.3/../../../../msp430/lib/mmpy-16/libc.a(strncmp.o)
                              contiki-sky.a(sensors.o) (strncmp)
/usr/lib/gcc/msp430/4.6.3/../../../../msp430/lib/mmpy-16/libc.a(memcmp.o)
                              contiki-sky.a(rimeaddr.o) (memcmp)
/usr/lib/gcc/msp430/4.6.3/../../../../msp430/lib/mmpy-16/libc.a(memcpy.o)
                              slip-radio.co (memcpy)
/usr/lib/gcc/msp430/4.6.3/../../../../msp430/lib/mmpy-16/libc.a(memmove.o)
[...]
Memory Configuration

Name             Origin             Length             Attributes
sfr              0x00000000         0x00000010
peripheral_8bit  0x00000010         0x000000f0
peripheral_16bit 0x00000100         0x00000100
ram_mirror       0x00000200         0x00000800         xw
infomem          0x00001000         0x00000100
infob            0x00001000         0x00000080
infoa            0x00001080         0x00000080
ram              0x00001100         0x00002800         xw
rom              0x00004000         0x0000bfe0         xr
vectors          0x0000ffe0         0x00000020
bsl              0x00000000         0x00000000
infoc            0x00000000         0x00000000
infod            0x00000000         0x00000000
ram2             0x00000000         0x00000000         xw
usbram           0x00000000         0x00000000         xw
far_rom          0x00000000         0x00000000
*default*        0x00000000         0xffffffff

Linker script and memory map

LOAD /usr/lib/gcc/msp430/4.6.3/mmpy-16/crt0ivtbl16.o
LOAD slip-radio.co
LOAD obj_sky/slip-net.o
LOAD obj_sky/no-framer.o
LOAD obj_sky/slip-radio-cc2420.o
LOAD obj_sky/slip-radio-sky-sensors.o
LOAD obj_sky/contiki-sky-main.o
LOAD contiki-sky.a
LOAD /usr/lib/gcc/msp430/4.6.3/mmpy-16/libgcc.a
LOAD /usr/lib/gcc/msp430/4.6.3/../../../../msp430/lib/mmpy-16/libc.a
LOAD /usr/lib/gcc/msp430/4.6.3/mmpy-16/libgcc.a
LOAD /usr/lib/gcc/msp430/4.6.3/mmpy-16/libcrt0.a
                0x00000080                PROVIDE (__info_segment_size, 0x80)
                0x00001000                PROVIDE (__infob, 0x1000)
                0x00001080                PROVIDE (__infoa, 0x1080)
                0x00000000                __IE1 = 0x0
                0x00000002                __IFG1 = 0x2
                0x00000004                __ME1 = 0x4
                0x00000001                __IE2 = 0x1
                0x00000003                __IFG2 = 0x3
                0x00000005                __ME2 = 0x5
                0x00000120                __WDTCTL = 0x120
                0x00000130                __MPY = 0x130
                0x00000132                __MPYS = 0x132
                0x00000134                __MAC = 0x134
                0x00000136                __MACS = 0x136
                0x00000138                __OP2 = 0x138
                0x0000013a                __RESLO = 0x13a
                0x0000013c                __RESHI = 0x13c
                0x0000013e                __SUMEXT = 0x13e
                0x00000020                __P1IN = 0x20
                0x00000021                __P1OUT = 0x21
                0x00000022                __P1DIR = 0x22
                0x00000023                __P1IFG = 0x23
                0x00000024                __P1IES = 0x24
                0x00000025                __P1IE = 0x25
                0x00000026                __P1SEL = 0x26
                0x00000028                __P2IN = 0x28
                0x00000029                __P2OUT = 0x29
                0x0000002a                __P2DIR = 0x2a
                0x0000002b                __P2IFG = 0x2b
                0x0000002c                __P2IES = 0x2c
                0x0000002d                __P2IE = 0x2d
                0x0000002e                __P2SEL = 0x2e
                0x00000018                __P3IN = 0x18
                0x00000019                __P3OUT = 0x19
                0x0000001a                __P3DIR = 0x1a
                0x0000001b                __P3SEL = 0x1b
                0x0000001c                __P4IN = 0x1c
                0x0000001d                __P4OUT = 0x1d
                0x0000001e                __P4DIR = 0x1e
                0x0000001f                __P4SEL = 0x1f
                0x00000030                __P5IN = 0x30
                0x00000031                __P5OUT = 0x31
                0x00000032                __P5DIR = 0x32
                0x00000033                __P5SEL = 0x33
                0x00000034                __P6IN = 0x34
                0x00000035                __P6OUT = 0x35
                0x00000036                __P6DIR = 0x36
                0x00000037                __P6SEL = 0x37
                0x00000070                __U0CTL = 0x70
                0x00000071                __U0TCTL = 0x71
                0x00000072                __U0RCTL = 0x72
                0x00000073                __U0MCTL = 0x73
                0x00000074                __U0BR0 = 0x74
                0x00000075                __U0BR1 = 0x75
                0x00000076                __U0RXBUF = 0x76
                0x00000077                __U0TXBUF = 0x77
                0x00000078                __U1CTL = 0x78
                0x00000079                __U1TCTL = 0x79
                0x0000007a                __U1RCTL = 0x7a
                0x0000007b                __U1MCTL = 0x7b
                0x0000007c                __U1BR0 = 0x7c
                0x0000007d                __U1BR1 = 0x7d
                0x0000007e                __U1RXBUF = 0x7e
                0x0000007f                __U1TXBUF = 0x7f
                0x00000050                __I2CIE = 0x50
                0x00000051                __I2CIFG = 0x51
                0x00000052                __I2CNDAT = 0x52
                0x00000071                __I2CTCTL = 0x71
                0x00000072                __I2CDCTL = 0x72
                0x00000073                __I2CPSC = 0x73
                0x00000074                __I2CSCLH = 0x74
                0x00000075                __I2CSCLL = 0x75
                0x00000076                __I2CDRB = 0x76
                0x00000076                __I2CDRW = 0x76
                0x00000118                __I2COA = 0x118
                0x0000011a                __I2CSA = 0x11a
                0x0000011c                __I2CIV = 0x11c
                0x0000012e                __TAIV = 0x12e
                0x00000160                __TACTL = 0x160
                0x00000162                __TACCTL0 = 0x162
                0x00000164                __TACCTL1 = 0x164
                0x00000166                __TACCTL2 = 0x166
                0x00000170                __TAR = 0x170
                0x00000172                __TACCR0 = 0x172
                0x00000174                __TACCR1 = 0x174
                0x00000176                __TACCR2 = 0x176
                0x0000011e                __TBIV = 0x11e
                0x00000180                __TBCTL = 0x180
                0x00000182                __TBCCTL0 = 0x182
                0x00000184                __TBCCTL1 = 0x184
                0x00000186                __TBCCTL2 = 0x186
                0x00000188                __TBCCTL3 = 0x188
                0x0000018a                __TBCCTL4 = 0x18a
                0x0000018c                __TBCCTL5 = 0x18c
                0x0000018e                __TBCCTL6 = 0x18e
                0x00000190                __TBR = 0x190
                0x00000192                __TBCCR0 = 0x192
                0x00000194                __TBCCR1 = 0x194
                0x00000196                __TBCCR2 = 0x196
                0x00000198                __TBCCR3 = 0x198
                0x0000019a                __TBCCR4 = 0x19a
                0x0000019c                __TBCCR5 = 0x19c
                0x0000019e                __TBCCR6 = 0x19e
                0x00000056                __DCOCTL = 0x56
                0x00000057                __BCSCTL1 = 0x57
                0x00000058                __BCSCTL2 = 0x58
                0x00000055                __SVSCTL = 0x55
                0x00000128                __FCTL1 = 0x128
                0x0000012a                __FCTL2 = 0x12a
                0x0000012c                __FCTL3 = 0x12c
                0x00000059                __CACTL1 = 0x59
                0x0000005a                __CACTL2 = 0x5a
                0x0000005b                __CAPD = 0x5b
                0x000001a0                __ADC12CTL0 = 0x1a0
                0x000001a2                __ADC12CTL1 = 0x1a2
                0x000001a4                __ADC12IFG = 0x1a4
                0x000001a6                __ADC12IE = 0x1a6
                0x000001a8                __ADC12IV = 0x1a8
                0x00000140                __ADC12MEM0 = 0x140
                0x00000142                __ADC12MEM1 = 0x142
                0x00000144                __ADC12MEM2 = 0x144
                0x00000146                __ADC12MEM3 = 0x146
                0x00000148                __ADC12MEM4 = 0x148
                0x0000014a                __ADC12MEM5 = 0x14a
                0x0000014c                __ADC12MEM6 = 0x14c
                0x0000014e                __ADC12MEM7 = 0x14e
                0x00000150                __ADC12MEM8 = 0x150
                0x00000152                __ADC12MEM9 = 0x152
                0x00000154                __ADC12MEM10 = 0x154
                0x00000156                __ADC12MEM11 = 0x156
                0x00000158                __ADC12MEM12 = 0x158
                0x0000015a                __ADC12MEM13 = 0x15a
                0x0000015c                __ADC12MEM14 = 0x15c
                0x0000015e                __ADC12MEM15 = 0x15e
                0x00000080                __ADC12MCTL0 = 0x80
                0x00000081                __ADC12MCTL1 = 0x81
                0x00000082                __ADC12MCTL2 = 0x82
                0x00000083                __ADC12MCTL3 = 0x83
                0x00000084                __ADC12MCTL4 = 0x84
                0x00000085                __ADC12MCTL5 = 0x85
                0x00000086                __ADC12MCTL6 = 0x86
                0x00000087                __ADC12MCTL7 = 0x87
                0x00000088                __ADC12MCTL8 = 0x88
                0x00000089                __ADC12MCTL9 = 0x89
                0x0000008a                __ADC12MCTL10 = 0x8a
                0x0000008b                __ADC12MCTL11 = 0x8b
                0x0000008c                __ADC12MCTL12 = 0x8c
                0x0000008d                __ADC12MCTL13 = 0x8d
                0x0000008e                __ADC12MCTL14 = 0x8e
                0x0000008f                __ADC12MCTL15 = 0x8f
                0x000001c0                __DAC12_0CTL = 0x1c0
                0x000001c2                __DAC12_1CTL = 0x1c2
                0x000001c8                __DAC12_0DAT = 0x1c8
                0x000001ca                __DAC12_1DAT = 0x1ca
                0x00000122                __DMACTL0 = 0x122
                0x00000124                __DMACTL1 = 0x124
                0x000001e0                __DMA0CTL = 0x1e0
                0x000001e8                __DMA1CTL = 0x1e8
                0x000001f0                __DMA2CTL = 0x1f0
                0x000001e2                __DMA0SA = 0x1e2
                0x000001e4                __DMA0DA = 0x1e4
                0x000001e6                __DMA0SZ = 0x1e6
                0x000001ea                __DMA1SA = 0x1ea
                0x000001ec                __DMA1DA = 0x1ec
                0x000001ee                __DMA1SZ = 0x1ee
                0x000001f2                __DMA2SA = 0x1f2
                0x000001f4                __DMA2DA = 0x1f4
                0x000001f6                __DMA2SZ = 0x1f6

.hash
 *(.hash)

.dynsym
 *(.dynsym)

.dynstr
 *(.dynstr)

.gnu.version
 *(.gnu.version)

.gnu.version_d
 *(.gnu.version_d)

.gnu.version_r
 *(.gnu.version_r)

.rel.init
 *(.rel.init)

.rela.init
 *(.rela.init)

.rel.fini
 *(.rel.fini)

.rela.fini
 *(.rela.fini)

.rel.text
 *(.rel.text .rel.text.* .rel.gnu.linkonce.t.*)

.rela.text
 *(.rela.text .rela.text.* .rela.gnu.linkonce.t.*)

.rel.rodata
 *(.rel.rodata .rel.rodata.* .rel.gnu.linkonce.r.*)

.rela.rodata
 *(.rela.rodata .rela.rodata.* .rela.gnu.linkonce.r.*)

.rel.data
 *(.rel.data .rel.data.* .rel.gnu.linkonce.d.*)

.rela.data
 *(.rela.data .rela.data.* .rela.gnu.linkonce.d.*)

.rel.bss
 *(.rel.bss .rel.bss.* .rel.gnu.linkonce.b.*)

.rela.bss
 *(.rela.bss .rela.bss.* .rela.gnu.linkonce.b.*)

.rel.ctors
 *(.rel.ctors)

.rela.ctors
 *(.rela.ctors)

.rel.dtors
 *(.rel.dtors)

.rela.dtors
 *(.rela.dtors)

.rel.got
 *(.rel.got)

.rela.got
 *(.rela.got)

.rel.plt
 *(.rel.plt)

.rela.plt
 *(.rela.plt)

.text           0x00004000     0x7f92
                0x00004000                . = ALIGN (0x2)
 *(.init .init.*)
 *(.init0)
 .init0         0x00004000        0x0 /usr/lib/gcc/msp430/4.6.3/mmpy-16/libcrt0.a(_reset_vector__.o)
                0x00004000                _reset_vector__
 *(.init1)
 .init1         0x00004000        0xc /usr/lib/gcc/msp430/4.6.3/mmpy-16/libcrt0.a(__watchdog_support.o)
                0x00004000                __watchdog_support
 *(.init2)
 .init2         0x0000400c        0x4 /usr/lib/gcc/msp430/4.6.3/mmpy-16/libcrt0.a(__init_stack.o)
                0x0000400c                __init_stack
 *(.init3)
 .init3         0x00004010        0x0 /usr/lib/gcc/msp430/4.6.3/mmpy-16/libcrt0.a(__low_level_init.o)
                0x00004010                __low_level_init
 *(.init4)
 .init4         0x00004010       0x18 /usr/lib/gcc/msp430/4.6.3/mmpy-16/libcrt0.a(_copy_data.o)
                0x00004010                __do_copy_data
 .init4         0x00004028       0x16 /usr/lib/gcc/msp430/4.6.3/mmpy-16/libcrt0.a(_clear_bss.o)
                0x00004028                __do_clear_bss
 *(.init5)
 *(.init6)
 *(.init7)
 *(.init8)
 *(.init9)
 .init9         0x0000403e      0x3ec obj_sky/contiki-sky-main.o
                0x0000403e                main
 *(.fini9)
 .fini9         0x0000442a        0x0 /usr/lib/gcc/msp430/4.6.3/mmpy-16/libcrt0.a(__stop_progExec__.o)
                0x0000442a                __stop_progExec__
 *(.fini8)
 *(.fini7)
 *(.fini6)
 *(.fini5)
 *(.fini4)
 *(.fini3)
 *(.fini2)
 *(.fini1)
 *(.fini0)
 .fini0         0x0000442a        0x6 /usr/lib/gcc/msp430/4.6.3/mmpy-16/libcrt0.a(_endless_loop__.o)
                0x0000442a                _endless_loop__
 *(.fini .fini.*)
                0x00004430                . = ALIGN (0x2)
                0x00004430                __ctors_start = .
 *(.ctors)
                0x00004430                __ctors_end = .
                0x00004430                __dtors_start = .
 *(.dtors)
                0x00004430                __dtors_end = .
                0x00004430                . = ALIGN (0x2)
 *(.text .text.* .gnu.linkonce.t.*)
 .text          0x00004430        0x4 /usr/lib/gcc/msp430/4.6.3/mmpy-16/crt0ivtbl16.o
                0x00004430                __isr_14
                0x00004430                __isr_11
                0x00004430                __isr_2
                0x00004430                __isr_7
                0x00004430                __isr_0
                0x00004430                __isr_8
                0x00004430                __isr_3
                0x00004430                __isr_12
                0x00004430                __isr_13
                0x00004430                __isr_9
 .text.process_thread_slip_radio_process
                0x00004434       0x82 slip-radio.co
 .text.slip_input_callback
                0x000044b6       0x12 slip-radio.co
 .text.packet_sent
                0x000044c8       0x2e slip-radio.co
 .text.slip_radio_cmd_handler
                0x000044f6       0xda slip-radio.co
 .text.slip_radio_cmd_output
                0x000045d0        0x6 slip-radio.co
                0x000045d0                slip_radio_cmd_output
 .text.putchar  0x000045d6       0x3c slip-radio.co
                0x000045d6                putchar
 .text.slipnet_init
                0x00004612        0x2 obj_sky/slip-net.o
                0x00004612                slipnet_init
 .text.slip_send_packet
                0x00004614       0x58 obj_sky/slip-net.o
                0x00004614                slip_send_packet
 .text.slipnet_input
                0x0000466c       0x1e obj_sky/slip-net.o
                0x0000466c                slipnet_input
 .text.create   0x0000468a        0x4 obj_sky/no-framer.o
 .text.parse    0x0000468e       0x8e obj_sky/no-framer.o
 .text.cmd_handler_cc2420
                0x0000471c       0x78 obj_sky/slip-radio-cc2420.o
                0x0000471c                cmd_handler_cc2420
 .text.init     0x00004794        0x2 obj_sky/slip-radio-sky-sensors.o
 .text.send     0x00004796      0x164 obj_sky/slip-radio-sky-sensors.o
 .text.rimeaddr_copy
                0x000048fa        0x8 contiki-sky.a(rimeaddr.o)
                0x000048fa                rimeaddr_copy
 .text.rimeaddr_cmp
                0x00004902       0x12 contiki-sky.a(rimeaddr.o)
                0x00004902                rimeaddr_cmp
 .text.rimeaddr_set_node_addr
                0x00004914        0xc contiki-sky.a(rimeaddr.o)
                0x00004914                rimeaddr_set_node_addr
 .text.send_packet
                0x00004920        0x6 contiki-sky.a(nullmac.o)
 .text.packet_input
                0x00004926        0x6 contiki-sky.a(nullmac.o)
 .text.on       0x0000492c        0x6 contiki-sky.a(nullmac.o)
 .text.off      0x00004932        0x6 contiki-sky.a(nullmac.o)
 .text.channel_check_interval
                0x00004938        0x4 contiki-sky.a(nullmac.o)
 .text.init     0x0000493c        0x2 contiki-sky.a(nullmac.o)
 .text.frame802154_parse
                0x0000493e      0x1e8 contiki-sky.a(frame802154.o)
                0x0000493e                frame802154_parse
 .text.packetbuf_copyto_hdr
                0x00004b26       0x1c contiki-sky.a(sicslowmac.o)
                0x00004b26                packetbuf_copyto_hdr
 .text.packetbuf_copyto
                0x00004b42       0x52 contiki-sky.a(sicslowmac.o)
                0x00004b42                packetbuf_copyto
 .text.packetbuf_hdr_remove
                0x00004b94        0x6 contiki-sky.a(sicslowmac.o)
                0x00004b94                packetbuf_hdr_remove
 .text.packetbuf_set_datalen
                0x00004b9a        0x6 contiki-sky.a(sicslowmac.o)
                0x00004b9a                packetbuf_set_datalen
 .text.packetbuf_dataptr
                0x00004ba0        0xe contiki-sky.a(sicslowmac.o)
                0x00004ba0                packetbuf_dataptr
 .text.packetbuf_hdrptr
                0x00004bae        0xa contiki-sky.a(sicslowmac.o)
                0x00004bae                packetbuf_hdrptr
 .text.packetbuf_is_reference
                0x00004bb8        0xe contiki-sky.a(sicslowmac.o)
                0x00004bb8                packetbuf_is_reference
 .text.packetbuf_compact
                0x00004bc6       0x48 contiki-sky.a(sicslowmac.o)
                0x00004bc6                packetbuf_compact
 .text.packetbuf_reference_ptr
                0x00004c0e        0x6 contiki-sky.a(sicslowmac.o)
                0x00004c0e                packetbuf_reference_ptr
 .text.packetbuf_datalen
                0x00004c14        0x6 contiki-sky.a(sicslowmac.o)
                0x00004c14                packetbuf_datalen
 .text.packetbuf_totlen
                0x00004c1a       0x10 contiki-sky.a(sicslowmac.o)
                0x00004c1a                packetbuf_totlen
 .text.packetbuf_hdralloc
                0x00004c2a       0x2e contiki-sky.a(sicslowmac.o)
                0x00004c2a                packetbuf_hdralloc
 .text.packetbuf_attr_clear
                0x00004c58       0x30 contiki-sky.a(sicslowmac.o)
                0x00004c58                packetbuf_attr_clear
 .text.packetbuf_clear
                0x00004c88       0x1a contiki-sky.a(sicslowmac.o)
                0x00004c88                packetbuf_clear
 .text.packetbuf_copyfrom
                0x00004ca2       0x2e contiki-sky.a(sicslowmac.o)
                0x00004ca2                packetbuf_copyfrom
 .text.packetbuf_attr_copyto
                0x00004cd0       0x22 contiki-sky.a(sicslowmac.o)
                0x00004cd0                packetbuf_attr_copyto
 .text.packetbuf_attr_copyfrom
                0x00004cf2       0x24 contiki-sky.a(sicslowmac.o)
                0x00004cf2                packetbuf_attr_copyfrom
 .text.duty_cycle
                0x00004d16        0x6 contiki-sky.a(contikimac.o)
 .text.init     0x00004d1c       0x2e contiki-sky.a(contikimac.o)
 .text.on       0x00004d4a       0x1a contiki-sky.a(contikimac.o)
 .text.off      0x00004d64       0x22 contiki-sky.a(contikimac.o)
 .text.recv_burst_off
                0x00004d86        0xa contiki-sky.a(contikimac.o)
 .text.turn_off
                0x00004d90       0x20 contiki-sky.a(contikimac.o)
 .text.turn_on  0x00004db0       0x30 contiki-sky.a(contikimac.o)
 .text.schedule_powercycle_fixed.part.4
                0x00004de0       0x36 contiki-sky.a(contikimac.o)
 .text.powercycle_turn_radio_off
                0x00004e16       0x30 contiki-sky.a(contikimac.o)
 .text.powercycle
                0x00004e46      0x1da contiki-sky.a(contikimac.o)
 .text.input_packet
                0x00005020      0x122 contiki-sky.a(contikimac.o)
 .text.send_packet
                0x00005142      0x29c contiki-sky.a(contikimac.o)
 .text.qsend_packet
                0x000053de       0x28 contiki-sky.a(contikimac.o)
 .text.qsend_list
                0x00005406       0x84 contiki-sky.a(contikimac.o)
 .text.send_packet
                0x0000548a       0x44 contiki-sky.a(phase.o)
 .text.phase_update
                0x000054ce       0x90 contiki-sky.a(phase.o)
                0x000054ce                phase_update
 .text.phase_wait
                0x0000555e       0xf6 contiki-sky.a(phase.o)
                0x0000555e                phase_wait
 .text.phase_init
                0x00005654       0x14 contiki-sky.a(phase.o)
                0x00005654                phase_init
 .text.call_process
                0x00005668       0x4a contiki-sky.a(process.o)
 .text.exit_process
                0x000056b2       0x96 contiki-sky.a(process.o)
 .text.do_poll  0x00005748       0x30 contiki-sky.a(process.o)
 .text.process_alloc_event
                0x00005778        0xe contiki-sky.a(process.o)
                0x00005778                process_alloc_event
 .text.process_init
                0x00005786       0x1c contiki-sky.a(process.o)
                0x00005786                process_init
 .text.process_run
                0x000057a2       0xa2 contiki-sky.a(process.o)
                0x000057a2                process_run
 .text.process_nevents
                0x00005844        0xe contiki-sky.a(process.o)
                0x00005844                process_nevents
 .text.process_post
                0x00005852       0x54 contiki-sky.a(process.o)
                0x00005852                process_post
 .text.process_post_synch
                0x000058a6       0x12 contiki-sky.a(process.o)
                0x000058a6                process_post_synch
 .text.process_start
                0x000058b8       0x32 contiki-sky.a(process.o)
                0x000058b8                process_start
 .text.process_poll
                0x000058ea       0x18 contiki-sky.a(process.o)
                0x000058ea                process_poll
 .text.autostart_start
                0x00005902       0x16 contiki-sky.a(autostart.o)
                0x00005902                autostart_start
 .text.compower_accumulate
                0x00005918       0x72 contiki-sky.a(compower.o)
                0x00005918                compower_accumulate
 .text.compower_clear
                0x0000598a       0x12 contiki-sky.a(compower.o)
                0x0000598a                compower_clear
 .text.compower_attrconv
                0x0000599c       0x10 contiki-sky.a(compower.o)
                0x0000599c                compower_attrconv
 .text.memb_init
                0x000059ac       0x36 contiki-sky.a(memb.o)
                0x000059ac                memb_init
 .text.memb_alloc
                0x000059e2       0x3e contiki-sky.a(memb.o)
                0x000059e2                memb_alloc
 .text.memb_free
                0x00005a20       0x3a contiki-sky.a(memb.o)
                0x00005a20                memb_free
 .text.memb_inmemb
                0x00005a5a       0x2e contiki-sky.a(memb.o)
                0x00005a5a                memb_inmemb
 .text.timer_set
                0x00005a88       0x1c contiki-sky.a(timer.o)
                0x00005a88                timer_set
 .text.timer_reset
                0x00005aa4        0xe contiki-sky.a(timer.o)
                0x00005aa4                timer_reset
 .text.timer_restart
                0x00005ab2       0x14 contiki-sky.a(timer.o)
                0x00005ab2                timer_restart
 .text.timer_expired
                0x00005ac6       0x2a contiki-sky.a(timer.o)
                0x00005ac6                timer_expired
 .text.list_init
                0x00005af0        0x6 contiki-sky.a(list.o)
                0x00005af0                list_init
 .text.list_head
                0x00005af6        0x4 contiki-sky.a(list.o)
                0x00005af6                list_head
 .text.list_tail
                0x00005afa       0x12 contiki-sky.a(list.o)
                0x00005afa                list_tail
 .text.list_remove
                0x00005b0c       0x34 contiki-sky.a(list.o)
                0x00005b0c                list_remove
 .text.list_push
                0x00005b40       0x1a contiki-sky.a(list.o)
                0x00005b40                list_push
 .text.list_add
                0x00005b5a       0x2a contiki-sky.a(list.o)
                0x00005b5a                list_add
 .text.list_length
                0x00005b84       0x10 contiki-sky.a(list.o)
                0x00005b84                list_length
 .text.list_item_next
                0x00005b94        0xc contiki-sky.a(list.o)
                0x00005b94                list_item_next
 .text.update_time
                0x00005ba0       0x78 contiki-sky.a(etimer.o)
 .text.etimer_request_poll
                0x00005c18        0xa contiki-sky.a(etimer.o)
                0x00005c18                etimer_request_poll
 .text.process_thread_etimer_process
                0x00005c22       0xc8 contiki-sky.a(etimer.o)
 .text.add_timer
                0x00005cea       0x40 contiki-sky.a(etimer.o)
 .text.etimer_set
                0x00005d2a       0x12 contiki-sky.a(etimer.o)
                0x00005d2a                etimer_set
 .text.etimer_reset
                0x00005d3c       0x12 contiki-sky.a(etimer.o)
                0x00005d3c                etimer_reset
 .text.etimer_restart
                0x00005d4e       0x12 contiki-sky.a(etimer.o)
                0x00005d4e                etimer_restart
 .text.etimer_expired
                0x00005d60        0xe contiki-sky.a(etimer.o)
                0x00005d60                etimer_expired
 .text.etimer_pending
                0x00005d6e        0xc contiki-sky.a(etimer.o)
                0x00005d6e                etimer_pending
 .text.etimer_next_expiration_time
                0x00005d7a       0x16 contiki-sky.a(etimer.o)
                0x00005d7a                etimer_next_expiration_time
 .text.etimer_stop
                0x00005d90       0x3c contiki-sky.a(etimer.o)
                0x00005d90                etimer_stop
 .text.process_thread_ctimer_process
                0x00005dcc       0xa4 contiki-sky.a(ctimer.o)
 .text.ctimer_init
                0x00005e70       0x18 contiki-sky.a(ctimer.o)
                0x00005e70                ctimer_init
 .text.ctimer_set
                0x00005e88       0x5a contiki-sky.a(ctimer.o)
                0x00005e88                ctimer_set
 .text.ctimer_reset
                0x00005ee2       0x3a contiki-sky.a(ctimer.o)
                0x00005ee2                ctimer_reset
 .text.ctimer_stop
                0x00005f1c       0x28 contiki-sky.a(ctimer.o)
                0x00005f1c                ctimer_stop
 .text.energest_init
                0x00005f44       0x28 contiki-sky.a(energest.o)
                0x00005f44                energest_init
 .text.energest_type_time
                0x00005f6c       0x46 contiki-sky.a(energest.o)
                0x00005f6c                energest_type_time
 .text.energest_type_set
                0x00005fb2        0xe contiki-sky.a(energest.o)
                0x00005fb2                energest_type_set
 .text.energest_flush
                0x00005fc0       0x48 contiki-sky.a(energest.o)
                0x00005fc0                energest_flush
 .text.rtimer_init
                0x00006008        0x6 contiki-sky.a(rtimer.o)
                0x00006008                rtimer_init
 .text.rtimer_set
                0x0000600e       0x24 contiki-sky.a(rtimer.o)
                0x0000600e                rtimer_set
 .text.rtimer_run_next
                0x00006032       0x26 contiki-sky.a(rtimer.o)
                0x00006032                rtimer_run_next
 .text.random_init
                0x00006058        0x6 contiki-sky.a(random.o)
                0x00006058                random_init
 .text.random_rand
                0x0000605e        0x6 contiki-sky.a(random.o)
                0x0000605e                random_rand
 .text.index_from_key
                0x00006064       0x48 contiki-sky.a(nbr-table.o)
 .text.item_from_key
                0x000060ac       0x34 contiki-sky.a(nbr-table.o)
 .text.nbr_set_bit
                0x000060e0       0x8e contiki-sky.a(nbr-table.o)
 .text.index_from_lladdr
                0x0000616e       0x42 contiki-sky.a(nbr-table.o)
 .text.nbr_get_bit.constprop.0
                0x000061b0       0x62 contiki-sky.a(nbr-table.o)
 .text.nbr_table_register
                0x00006212       0x28 contiki-sky.a(nbr-table.o)
                0x00006212                nbr_table_register
 .text.nbr_table_next
                0x0000623a       0x90 contiki-sky.a(nbr-table.o)
                0x0000623a                nbr_table_next
 .text.nbr_table_head
                0x000062ca       0x36 contiki-sky.a(nbr-table.o)
                0x000062ca                nbr_table_head
 .text.nbr_table_add_lladdr
                0x00006300      0x144 contiki-sky.a(nbr-table.o)
                0x00006300                nbr_table_add_lladdr
 .text.nbr_table_get_from_lladdr
                0x00006444       0x48 contiki-sky.a(nbr-table.o)
                0x00006444                nbr_table_get_from_lladdr
 .text.nbr_table_remove
                0x0000648c       0x32 contiki-sky.a(nbr-table.o)
                0x0000648c                nbr_table_remove
 .text.nbr_table_get_lladdr
                0x000064be       0x5a contiki-sky.a(nbr-table.o)
                0x000064be                nbr_table_get_lladdr
 .text.queuebuf_init
                0x00006518       0x1a contiki-sky.a(queuebuf.o)
                0x00006518                queuebuf_init
 .text.queuebuf_new_from_packetbuf
                0x00006532       0x7e contiki-sky.a(queuebuf.o)
                0x00006532                queuebuf_new_from_packetbuf
 .text.queuebuf_free
                0x000065b0       0x40 contiki-sky.a(queuebuf.o)
                0x000065b0                queuebuf_free
 .text.queuebuf_to_packetbuf
                0x000065f0       0x6e contiki-sky.a(queuebuf.o)
                0x000065f0                queuebuf_to_packetbuf
 .text.start_periodic_tcp_timer
                0x0000665e       0x16 contiki-sky.a(tcpip.o)
 .text.tcpip_output
                0x00006674       0x10 contiki-sky.a(tcpip.o)
                0x00006674                tcpip_output
 .text.tcpip_input
                0x00006684       0x16 contiki-sky.a(tcpip.o)
                0x00006684                tcpip_input
 .text.tcpip_ipv6_output
                0x0000669a      0x1d4 contiki-sky.a(tcpip.o)
                0x0000669a                tcpip_ipv6_output
 .text.process_thread_tcpip_process
                0x0000686e      0x1e4 contiki-sky.a(tcpip.o)
 .text.tcpip_uipcall
                0x00006a52       0x72 contiki-sky.a(tcpip.o)
                0x00006a52                tcpip_uipcall
 .text.call_route_callback
                0x00006ac4       0x4c contiki-sky.a(uip-ds6-route.o)
 .text.uip_ds6_route_init
                0x00006b10       0x2e contiki-sky.a(uip-ds6-route.o)
                0x00006b10                uip_ds6_route_init
 .text.uip_ds6_route_nexthop
                0x00006b3e       0x1a contiki-sky.a(uip-ds6-route.o)
                0x00006b3e                uip_ds6_route_nexthop
 .text.uip_ds6_route_head
                0x00006b58       0x28 contiki-sky.a(uip-ds6-route.o)
                0x00006b58                uip_ds6_route_head
 .text.uip_ds6_route_next
                0x00006b80       0x3a contiki-sky.a(uip-ds6-route.o)
                0x00006b80                uip_ds6_route_next
 .text.uip_ds6_route_lookup
                0x00006bba       0x5e contiki-sky.a(uip-ds6-route.o)
                0x00006bba                uip_ds6_route_lookup
 .text.uip_ds6_route_rm
                0x00006c18       0x60 contiki-sky.a(uip-ds6-route.o)
                0x00006c18                uip_ds6_route_rm
 .text.rm_routelist
                0x00006c78       0x30 contiki-sky.a(uip-ds6-route.o)
 .text.rm_routelist_callback
                0x00006ca8        0x6 contiki-sky.a(uip-ds6-route.o)
 .text.uip_ds6_defrt_rm
                0x00006cae       0x48 contiki-sky.a(uip-ds6-route.o)
                0x00006cae                uip_ds6_defrt_rm
 .text.uip_ds6_defrt_lookup
                0x00006cf6       0x36 contiki-sky.a(uip-ds6-route.o)
                0x00006cf6                uip_ds6_defrt_lookup
 .text.uip_ds6_defrt_add
                0x00006d2c       0x74 contiki-sky.a(uip-ds6-route.o)
                0x00006d2c                uip_ds6_defrt_add
 .text.uip_ds6_defrt_choose
                0x00006da0       0x3a contiki-sky.a(uip-ds6-route.o)
                0x00006da0                uip_ds6_defrt_choose
 .text.uip_ds6_defrt_periodic
                0x00006dda       0x38 contiki-sky.a(uip-ds6-route.o)
                0x00006dda                uip_ds6_defrt_periodic
 .text.uip_ds6_nbr_rm
                0x00006e12       0x1e contiki-sky.a(uip-ds6-nbr.o)
                0x00006e12                uip_ds6_nbr_rm
 .text.uip_ds6_neighbors_init
                0x00006e30        0xe contiki-sky.a(uip-ds6-nbr.o)
                0x00006e30                uip_ds6_neighbors_init
 .text.uip_ds6_nbr_add
                0x00006e3e       0x64 contiki-sky.a(uip-ds6-nbr.o)
                0x00006e3e                uip_ds6_nbr_add
 .text.uip_ds6_nbr_get_ll
                0x00006ea2        0xc contiki-sky.a(uip-ds6-nbr.o)
                0x00006ea2                uip_ds6_nbr_get_ll
 .text.uip_ds6_nbr_lookup
                0x00006eae       0x42 contiki-sky.a(uip-ds6-nbr.o)
                0x00006eae                uip_ds6_nbr_lookup
 .text.uip_ds6_nbr_ll_lookup
                0x00006ef0        0xc contiki-sky.a(uip-ds6-nbr.o)
                0x00006ef0                uip_ds6_nbr_ll_lookup
 .text.uip_ds6_nbr_ipaddr_from_lladdr
                0x00006efc        0x6 contiki-sky.a(uip-ds6-nbr.o)
                0x00006efc                uip_ds6_nbr_ipaddr_from_lladdr
 .text.uip_ds6_neighbor_periodic
                0x00006f02       0xfc contiki-sky.a(uip-ds6-nbr.o)
                0x00006f02                uip_ds6_neighbor_periodic
 .text.uip_ds6_list_loop
                0x00006ffe       0x86 contiki-sky.a(uip-ds6.o)
                0x00006ffe                uip_ds6_list_loop
 .text.uip_ds6_prefix_add
                0x00007084       0x80 contiki-sky.a(uip-ds6.o)
                0x00007084                uip_ds6_prefix_add
 .text.uip_ds6_prefix_rm
                0x00007104        0xa contiki-sky.a(uip-ds6.o)
                0x00007104                uip_ds6_prefix_rm
 .text.uip_ds6_prefix_lookup
                0x0000710e       0x28 contiki-sky.a(uip-ds6.o)
                0x0000710e                uip_ds6_prefix_lookup
 .text.uip_ds6_is_addr_onlink
                0x00007136       0x54 contiki-sky.a(uip-ds6.o)
                0x00007136                uip_ds6_is_addr_onlink
 .text.uip_ds6_addr_lookup
                0x0000718a       0x2a contiki-sky.a(uip-ds6.o)
                0x0000718a                uip_ds6_addr_lookup
 .text.uip_ds6_get_link_local
                0x000071b4       0x3e contiki-sky.a(uip-ds6.o)
                0x000071b4                uip_ds6_get_link_local
 .text.uip_ds6_maddr_add
                0x000071f2       0x4a contiki-sky.a(uip-ds6.o)
                0x000071f2                uip_ds6_maddr_add
 .text.uip_ds6_addr_add
                0x0000723c       0xc4 contiki-sky.a(uip-ds6.o)
                0x0000723c                uip_ds6_addr_add
 .text.uip_ds6_maddr_lookup
                0x00007300       0x28 contiki-sky.a(uip-ds6.o)
                0x00007300                uip_ds6_maddr_lookup
 .text.uip_ds6_addr_rm
                0x00007328       0x54 contiki-sky.a(uip-ds6.o)
                0x00007328                uip_ds6_addr_rm
 .text.uip_ds6_periodic
                0x0000737c       0x86 contiki-sky.a(uip-ds6.o)
                0x0000737c                uip_ds6_periodic
 .text.uip_ds6_set_addr_iid
                0x00007402       0x14 contiki-sky.a(uip-ds6.o)
                0x00007402                uip_ds6_set_addr_iid
 .text.get_match_length
                0x00007416       0x3e contiki-sky.a(uip-ds6.o)
                0x00007416                get_match_length
 .text.uip_ds6_select_src
                0x00007454       0xaa contiki-sky.a(uip-ds6.o)
                0x00007454                uip_ds6_select_src
 .text.uip_ds6_send_rs
                0x000074fe       0x32 contiki-sky.a(uip-ds6.o)
                0x000074fe                uip_ds6_send_rs
 .text.uip_ds6_compute_reachable_time
                0x00007530       0x3e contiki-sky.a(uip-ds6.o)
                0x00007530                uip_ds6_compute_reachable_time
 .text.uip_ds6_init
                0x0000756e      0x114 contiki-sky.a(uip-ds6.o)
                0x0000756e                uip_ds6_init
 .text.create_llao
                0x00007682       0x2c contiki-sky.a(uip-nd6.o)
 .text.uip_nd6_ns_input
                0x000076ae      0x230 contiki-sky.a(uip-nd6.o)
                0x000076ae                uip_nd6_ns_input
 .text.uip_nd6_ns_output
                0x000078de      0x158 contiki-sky.a(uip-nd6.o)
                0x000078de                uip_nd6_ns_output
 .text.uip_nd6_na_input
                0x00007a36      0x1fe contiki-sky.a(uip-nd6.o)
                0x00007a36                uip_nd6_na_input
 .text.uip_nd6_rs_output
                0x00007c34       0xe4 contiki-sky.a(uip-nd6.o)
                0x00007c34                uip_nd6_rs_output
 .text.uip_nd6_ra_input
                0x00007d18      0x446 contiki-sky.a(uip-nd6.o)
                0x00007d18                uip_nd6_ra_input
 .text.packet_timedout
                0x0000815e       0x16 contiki-sky.a(uip-packetqueue)
 .text.uip_packetqueue_new
                0x00008174        0x6 contiki-sky.a(uip-packetqueue)
                0x00008174                uip_packetqueue_new
 .text.uip_packetqueue_alloc
                0x0000817a       0x44 contiki-sky.a(uip-packetqueue)
                0x0000817a                uip_packetqueue_alloc
 .text.uip_packetqueue_free
                0x000081be       0x24 contiki-sky.a(uip-packetqueue)
                0x000081be                uip_packetqueue_free
 .text.uip_packetqueue_buf
                0x000081e2        0xe contiki-sky.a(uip-packetqueue)
                0x000081e2                uip_packetqueue_buf
 .text.uip_packetqueue_buflen
                0x000081f0       0x10 contiki-sky.a(uip-packetqueue)
                0x000081f0                uip_packetqueue_buflen
 .text.uip_packetqueue_set_buflen
                0x00008200        0xc contiki-sky.a(uip-packetqueue)
                0x00008200                uip_packetqueue_set_buflen
 .text.chksum   0x0000820c       0x32 contiki-sky.a(uip6.o)
 .text.upper_layer_chksum
                0x0000823e       0x56 contiki-sky.a(uip6.o)
 .text.ext_hdr_options_process
                0x00008294       0xc0 contiki-sky.a(uip6.o)
 .text.uip_add32
                0x00008354       0x68 contiki-sky.a(uip6.o)
                0x00008354                uip_add32
 .text.unlikely.uip_add_rcv_nxt
                0x000083bc       0x2e contiki-sky.a(uip6.o)
 .text.uip_icmp6chksum
                0x000083ea        0xa contiki-sky.a(uip6.o)
                0x000083ea                uip_icmp6chksum
 .text.uip_tcpchksum
                0x000083f4        0xa contiki-sky.a(uip6.o)
                0x000083f4                uip_tcpchksum
 .text.uip_udpchksum
                0x000083fe        0xa contiki-sky.a(uip6.o)
                0x000083fe                uip_udpchksum
 .text.uip_init
                0x00008408       0x72 contiki-sky.a(uip6.o)
                0x00008408                uip_init
 .text.remove_ext_hdr
                0x0000847a       0x5a contiki-sky.a(uip6.o)
                0x0000847a                remove_ext_hdr
 .text.uip_unlisten
                0x000084d4       0x2a contiki-sky.a(uip6.o)
                0x000084d4                uip_unlisten
 .text.uip_process
                0x000084fe      0xd5a contiki-sky.a(uip6.o)
                0x000084fe                uip_process
 .text.uip_htons
                0x00009258        0xc contiki-sky.a(uip6.o)
                0x00009258                uip_htons
 .text.uip_htonl
                0x00009264       0x2e contiki-sky.a(uip6.o)
                0x00009264                uip_htonl
 .text.cmd_input
                0x00009292       0x36 contiki-sky.a(cmd.o)
                0x00009292                cmd_input
 .text.cmd_send
                0x000092c8        0x6 contiki-sky.a(cmd.o)
                0x000092c8                cmd_send
 .text.packetutils_deserialize_atts
                0x000092ce       0x56 contiki-sky.a(packetutils.o)
                0x000092ce                packetutils_deserialize_atts
 .text.init_platform
                0x00009324        0xc contiki-sky.a(contiki-sky-pla)
                0x00009324                init_platform
 .text.status   0x00009330       0x18 contiki-sky.a(sht11-sensor.o)
 .text.configure
                0x00009348       0x40 contiki-sky.a(sht11-sensor.o)
 .text.value    0x00009388       0x2e contiki-sky.a(sht11-sensor.o)
 .text.status   0x000093b6       0x16 contiki-sky.a(button-sensor.o)
 .text.configure
                0x000093cc       0x52 contiki-sky.a(button-sensor.o)
 .text.value    0x0000941e       0x22 contiki-sky.a(button-sensor.o)
 .text.irq_p2   0x00009440       0x8a contiki-sky.a(button-sensor.o)
                0x00009440                irq_p2
                0x00009440                __isr_1
 .text.owreadb  0x000094ca       0x52 contiki-sky.a(ds2411.o)
 .text.ds2411_init
                0x0000951c      0x122 contiki-sky.a(ds2411.o)
                0x0000951c                ds2411_init
 .text.wait_ready
                0x0000963e       0x50 contiki-sky.a(xmem.o)
 .text.xmem_init
                0x0000968e       0x3e contiki-sky.a(xmem.o)
                0x0000968e                xmem_init
 .text.xmem_pread
                0x000096cc       0xea contiki-sky.a(xmem.o)
                0x000096cc                xmem_pread
 .text.node_id_restore
                0x000097b6       0x38 contiki-sky.a(node-id.o)
                0x000097b6                node_id_restore
 .text.process_thread_sensors_process
                0x000097ee       0xbe contiki-sky.a(sensors.o)
 .text.sensors_changed
                0x000098ac       0x2a contiki-sky.a(sensors.o)
                0x000098ac                sensors_changed
 .text.strobe   0x000098d6       0x20 contiki-sky.a(cc2420.o)
 .text.status   0x000098f6       0x26 contiki-sky.a(cc2420.o)
 .text.getreg   0x0000991c       0x54 contiki-sky.a(cc2420.o)
 .text.cc2420_receiving_packet
                0x00009970        0xe contiki-sky.a(cc2420.o)
 .text.pending_packet
                0x0000997e        0x8 contiki-sky.a(cc2420.o)
 .text.on       0x00009986       0x40 contiki-sky.a(cc2420.o)
 .text.flushrx  0x000099c6       0x7a contiki-sky.a(cc2420.o)
 .text.off      0x00009a40       0x72 contiki-sky.a(cc2420.o)
 .text.RELEASE_LOCK
                0x00009ab2       0x28 contiki-sky.a(cc2420.o)
 .text.cc2420_prepare
                0x00009ada       0x8a contiki-sky.a(cc2420.o)
 .text.getrxdata
                0x00009b64       0x56 contiki-sky.a(cc2420.o)
 .text.cc2420_on
                0x00009bba       0x22 contiki-sky.a(cc2420.o)
                0x00009bba                cc2420_on
 .text.cc2420_off
                0x00009bdc       0x30 contiki-sky.a(cc2420.o)
                0x00009bdc                cc2420_off
 .text.cc2420_cca
                0x00009c0c       0x74 contiki-sky.a(cc2420.o)
 .text.cc2420_read
                0x00009c80       0xe6 contiki-sky.a(cc2420.o)
 .text.process_thread_cc2420_process
                0x00009d66       0x50 contiki-sky.a(cc2420.o)
 .text.setreg   0x00009db6       0x52 contiki-sky.a(cc2420.o)
                0x00009db6                setreg
 .text.set_txpower
                0x00009e08       0x26 contiki-sky.a(cc2420.o)
 .text.cc2420_get_channel
                0x00009e2e        0x6 contiki-sky.a(cc2420.o)
                0x00009e2e                cc2420_get_channel
 .text.cc2420_set_channel
                0x00009e34       0x78 contiki-sky.a(cc2420.o)
                0x00009e34                cc2420_set_channel
 .text.cc2420_set_pan_addr
                0x00009eac      0x14a contiki-sky.a(cc2420.o)
                0x00009eac                cc2420_set_pan_addr
 .text.cc2420_init
                0x00009ff6       0xd0 contiki-sky.a(cc2420.o)
                0x00009ff6                cc2420_init
 .text.cc2420_interrupt
                0x0000a0c6       0x20 contiki-sky.a(cc2420.o)
                0x0000a0c6                cc2420_interrupt
 .text.cc2420_get_txpower
                0x0000a0e6       0x1e contiki-sky.a(cc2420.o)
                0x0000a0e6                cc2420_get_txpower
 .text.cc2420_transmit
                0x0000a104      0x1a0 contiki-sky.a(cc2420.o)
 .text.cc2420_send
                0x0000a2a4       0x12 contiki-sky.a(cc2420.o)
 .text.cc2420_port1_interrupt
                0x0000a2b6       0x62 contiki-sky.a(cc2420-arch.o)
                0x0000a2b6                __isr_4
                0x0000a2b6                cc2420_port1_interrupt
 .text.cc2420_arch_init
                0x0000a318       0x1a contiki-sky.a(cc2420-arch.o)
                0x0000a318                cc2420_arch_init
 .text.handle_rxdma_timer
                0x0000a332       0x3a contiki-sky.a(uart1.o)
 .text.uart1_active
                0x0000a36c       0x1a contiki-sky.a(uart1.o)
                0x0000a36c                uart1_active
 .text.uart1_set_input
                0x0000a386       0x20 contiki-sky.a(uart1.o)
                0x0000a386                uart1_set_input
 .text.uart1_writeb
                0x0000a3a6       0x1a contiki-sky.a(uart1.o)
                0x0000a3a6                uart1_writeb
 .text.uart1_init
                0x0000a3c0       0xf6 contiki-sky.a(uart1.o)
                0x0000a3c0                uart1_init
 .text.slip_arch_writeb
                0x0000a4b6        0x6 contiki-sky.a(slip_uart1.o)
                0x0000a4b6                slip_arch_writeb
 .text.slip_arch_init
                0x0000a4bc        0xa contiki-sky.a(slip_uart1.o)
                0x0000a4bc                slip_arch_init
 .text.rxbuf_init
                0x0000a4c6       0x12 contiki-sky.a(slip.o)
 .text.process_thread_slip_process
                0x0000a4d8      0x138 contiki-sky.a(slip.o)
 .text.slip_set_input_callback
                0x0000a610        0x6 contiki-sky.a(slip.o)
                0x0000a610                slip_set_input_callback
 .text.slip_input_byte
                0x0000a616       0xbe contiki-sky.a(slip.o)
                0x0000a616                slip_input_byte
 .text.msp430_init_dco
                0x0000a6d4       0x84 contiki-sky.a(msp430.o)
                0x0000a6d4                msp430_init_dco
 .text.msp430_add_lpm_req
                0x0000a758        0xc contiki-sky.a(msp430.o)
                0x0000a758                msp430_add_lpm_req
 .text.msp430_cpu_init
                0x0000a764       0x2a contiki-sky.a(msp430.o)
                0x0000a764                msp430_cpu_init
 .text.splhigh_
                0x0000a78e        0x8 contiki-sky.a(msp430.o)
                0x0000a78e                splhigh_
 .text.msp430_sync_dco
                0x0000a796       0x68 contiki-sky.a(msp430.o)
                0x0000a796                msp430_sync_dco
 .text.timera1  0x0000a7fe       0xfe contiki-sky.a(clock.o)
                0x0000a7fe                __isr_5
                0x0000a7fe                timera1
 .text.clock_time
                0x0000a8fc       0x1a contiki-sky.a(clock.o)
                0x0000a8fc                clock_time
 .text.clock_init
                0x0000a916       0x28 contiki-sky.a(clock.o)
                0x0000a916                clock_init
 .text.clock_delay
                0x0000a93e        0xc contiki-sky.a(clock.o)
                0x0000a93e                clock_delay
 .text.clock_wait
                0x0000a94a       0x34 contiki-sky.a(clock.o)
                0x0000a94a                clock_wait
 .text.clock_seconds
                0x0000a97e       0x1a contiki-sky.a(clock.o)
                0x0000a97e                clock_seconds
 .text.show_leds
                0x0000a998      0x100 contiki-sky.a(leds.o)
 .text.leds_init
                0x0000aa98        0xe contiki-sky.a(leds.o)
                0x0000aa98                leds_init
 .text.leds_on  0x0000aaa6       0x14 contiki-sky.a(leds.o)
                0x0000aaa6                leds_on
 .text.leds_off
                0x0000aaba       0x14 contiki-sky.a(leds.o)
                0x0000aaba                leds_off
 .text.leds_arch_init
                0x0000aace        0xe contiki-sky.a(leds-arch.o)
                0x0000aace                leds_arch_init
 .text.leds_arch_set
                0x0000aadc       0x3a contiki-sky.a(leds-arch.o)
                0x0000aadc                leds_arch_set
 .text.watchdog_interrupt
                0x0000ab16        0x6 contiki-sky.a(watchdog.o)
                0x0000ab16                __isr_10
                0x0000ab16                watchdog_interrupt
 .text.watchdog_start
                0x0000ab1c       0x14 contiki-sky.a(watchdog.o)
                0x0000ab1c                watchdog_start
 .text.watchdog_periodic
                0x0000ab30       0x12 contiki-sky.a(watchdog.o)
                0x0000ab30                watchdog_periodic
 .text.watchdog_stop
                0x0000ab42       0x16 contiki-sky.a(watchdog.o)
                0x0000ab42                watchdog_stop
 .text.watchdog_init
                0x0000ab58       0x14 contiki-sky.a(watchdog.o)
                0x0000ab58                watchdog_init
 .text.rtimer_arch_init
                0x0000ab6c        0xe contiki-sky.a(rtimer-arch.o)
                0x0000ab6c                rtimer_arch_init
 .text.rtimer_arch_now
                0x0000ab7a        0xe contiki-sky.a(rtimer-arch.o)
                0x0000ab7a                rtimer_arch_now
 .text.timera0  0x0000ab88       0x70 contiki-sky.a(rtimer-arch.o)
                0x0000ab88                __isr_6
                0x0000ab88                timera0
 .text.rtimer_arch_schedule
                0x0000abf8        0x6 contiki-sky.a(rtimer-arch.o)
                0x0000abf8                rtimer_arch_schedule
 .text.mac_call_sent_callback
                0x0000abfe       0x14 contiki-sky.a(mac.o)
                0x0000abfe                mac_call_sent_callback
 .text.stimer_set
                0x0000ac12       0x1c contiki-sky.a(stimer.o)
                0x0000ac12                stimer_set
 .text.stimer_expired
                0x0000ac2e       0x30 contiki-sky.a(stimer.o)
                0x0000ac2e                stimer_expired
 .text.stimer_remaining
                0x0000ac5e       0x28 contiki-sky.a(stimer.o)
                0x0000ac5e                stimer_remaining
 .text.uip_icmp6_echo_request_input
                0x0000ac86       0xca contiki-sky.a(uip-icmp6.o)
                0x0000ac86                uip_icmp6_echo_request_input
 .text.uip_icmp6_error_output
                0x0000ad50      0x16c contiki-sky.a(uip-icmp6.o)
                0x0000ad50                uip_icmp6_error_output
 .text.crc8_add
                0x0000aebc       0x1c contiki-sky.a(sht11.o)
 .text.sstart   0x0000aed8       0x3e contiki-sky.a(sht11.o)
 .text.swrite   0x0000af16       0x52 contiki-sky.a(sht11.o)
 .text.sread    0x0000af68       0x4e contiki-sky.a(sht11.o)
 .text.sreset   0x0000afb6       0x2a contiki-sky.a(sht11.o)
 .text.scmd.part.0
                0x0000afe0       0xb0 contiki-sky.a(sht11.o)
 .text.sht11_init
                0x0000b090       0x1a contiki-sky.a(sht11.o)
                0x0000b090                sht11_init
 .text.sht11_off
                0x0000b0aa       0x14 contiki-sky.a(sht11.o)
                0x0000b0aa                sht11_off
 .text.sht11_temp
                0x0000b0be        0xa contiki-sky.a(sht11.o)
                0x0000b0be                sht11_temp
 .text.sht11_humidity
                0x0000b0c8        0xa contiki-sky.a(sht11.o)
                0x0000b0c8                sht11_humidity
 .text.sht11_sreg
                0x0000b0d2       0x7a contiki-sky.a(sht11.o)
                0x0000b0d2                sht11_sreg
 .text.spi_init
                0x0000b14c       0x32 contiki-sky.a(spi.o)
                0x0000b14c                spi_init
 .text.libgcc   0x0000b17e       0x2c /usr/lib/gcc/msp430/4.6.3/mmpy-16/libgcc.a(_mulsi3.o)
                0x0000b17e                __mulsi3
 .text.libgcc   0x0000b1aa       0x22 /usr/lib/gcc/msp430/4.6.3/mmpy-16/libgcc.a(_udivmod16.o)
                0x0000b1aa                __udivhi3
                0x0000b1aa                __ext_udivmod16
                0x0000b1c4                __umodhi3
 .text.libgcc   0x0000b1cc       0x3a /usr/lib/gcc/msp430/4.6.3/mmpy-16/libgcc.a(_divmod16.o)
                0x0000b1cc                __ext_divmod16
                0x0000b1cc                __divhi3
                0x0000b1fe                __modhi3
 .text.libgcc   0x0000b206       0x40 /usr/lib/gcc/msp430/4.6.3/mmpy-16/libgcc.a(_udivmod32.o)
                0x0000b206                __udivsi3
                0x0000b206                __ext_udivmod32
                0x0000b23c                __umodsi3
 .text.libgcc   0x0000b246       0x4c /usr/lib/gcc/msp430/4.6.3/mmpy-16/libgcc.a(_divmod32.o)
                0x0000b246                __ext_divmod32
                0x0000b246                __divsi3
                0x0000b288                __modsi3
 .text          0x0000b292       0x20 /usr/lib/gcc/msp430/4.6.3/../../../../msp430/lib/mmpy-16/libc.a(memcmp.o)
                0x0000b292                memcmp
 .text          0x0000b2b2       0xfa /usr/lib/gcc/msp430/4.6.3/../../../../msp430/lib/mmpy-16/libc.a(memcpy.o)
                0x0000b2b2                memcpy
 .text          0x0000b3ac       0xfa /usr/lib/gcc/msp430/4.6.3/../../../../msp430/lib/mmpy-16/libc.a(memmove.o)
                0x0000b3ac                memmove
 .text          0x0000b4a6       0x6a /usr/lib/gcc/msp430/4.6.3/../../../../msp430/lib/mmpy-16/libc.a(memset.o)
                0x0000b4a6                memset
 .text          0x0000b510       0x1e /usr/lib/gcc/msp430/4.6.3/../../../../msp430/lib/mmpy-16/libc.a(printf.o)
                0x0000b510                printf
                0x0000b520                vprintf
 .text          0x0000b52e       0xbc /usr/lib/gcc/msp430/4.6.3/../../../../msp430/lib/mmpy-16/libc.a(sprintf.o)
                0x0000b58c                sprintf
                0x0000b5a8                snprintf
                0x0000b5c2                vsprintf
                0x0000b5d8                vsnprintf
 .text          0x0000b5ea      0x836 /usr/lib/gcc/msp430/4.6.3/../../../../msp430/lib/mmpy-16/libc.a(vuprintf.o)
                0x0000b782                vuprintf
 .text          0x0000be20       0x2c /usr/lib/gcc/msp430/4.6.3/../../../../msp430/lib/mmpy-16/libc.a(puts.o)
                0x0000be20                puts
 .text          0x0000be4c       0x54 /usr/lib/gcc/msp430/4.6.3/../../../../msp430/lib/mmpy-16/libc.a(rand.o)
                0x0000be4c                rand_r
                0x0000be70                rand
                0x0000be96                srand
 .text.libgcc   0x0000bea0       0xf0 /usr/lib/gcc/msp430/4.6.3/mmpy-16/libgcc.a(_udivmod64.o)
                0x0000bea0                __xabi_udivmod64
                0x0000befe                __udivdi3
                0x0000bf24                __umoddi3
                0x0000bf52                __udivmoddi4
 .text.crt0     0x0000bf90        0x2 /usr/lib/gcc/msp430/4.6.3/mmpy-16/libcrt0.a(_unexpected_.o)
                0x0000bf90                _unexpected_
                0x0000bf92                . = ALIGN (0x2)

.rodata         0x0000bf92      0x2e4
                0x0000bf92                . = ALIGN (0x2)
 *(.rodata .rodata.* .gnu.linkonce.r.*)
 .rodata        0x0000bf92       0x34 slip-radio.co
                0x0000bfa8                autostart_processes
                0x0000bfc0                cmd_handlers
 .rodata        0x0000bfc6        0xe obj_sky/slip-net.o
                0x0000bfce                slipnet_driver
 .rodata        0x0000bfd4        0x4 obj_sky/no-framer.o
                0x0000bfd4                no_framer
 .rodata        0x0000bfd8       0x42 obj_sky/slip-radio-cc2420.o
 .rodata        0x0000c01a       0x1c obj_sky/slip-radio-sky-sensors.o
                0x0000c032                slip_radio_sky_sensors
 .rodata        0x0000c036      0x12a obj_sky/contiki-sky-main.o
 .rodata        0x0000c160        0x8 contiki-sky.a(rimeaddr.o)
                0x0000c160                rimeaddr_null
 .rodata        0x0000c168       0x16 contiki-sky.a(nullmac.o)
                0x0000c170                nullmac_driver
 .rodata        0x0000c17e       0x1c contiki-sky.a(contikimac.o)
                0x0000c18a                contikimac_driver
 .rodata        0x0000c19a        0xc contiki-sky.a(etimer.o)
 .rodata        0x0000c1a6        0xf contiki-sky.a(ctimer.o)
 .rodata        0x0000c1b5        0xd contiki-sky.a(tcpip.o)
 .rodata        0x0000c1c2       0x32 contiki-sky.a(uip6.o)
 .rodata        0x0000c1f4       0x11 contiki-sky.a(cmd.o)
 *fill*         0x0000c205        0x1 00
 .rodata        0x0000c206        0xe contiki-sky.a(sht11-sensor.o)
                0x0000c20c                sht11_sensor
 .rodata        0x0000c214       0x10 contiki-sky.a(button-sensor.o)
                0x0000c21c                button_sensor
 .rodata        0x0000c224        0x8 contiki-sky.a(sensors.o)
 .rodata        0x0000c22c       0x22 contiki-sky.a(cc2420.o)
                0x0000c22c                cc2420_driver
 .rodata        0x0000c24e       0x21 contiki-sky.a(slip.o)
 .rodata        0x0000c26f        0x7 /usr/lib/gcc/msp430/4.6.3/../../../../msp430/lib/mmpy-16/libc.a(vuprintf.o)
                0x0000c276                . = ALIGN (0x2)
                0x0000c276                _etext = .

.data           0x00001100       0xac load address 0x0000c276
                0x00001100                . = ALIGN (0x2)
                0x00001100                PROVIDE (__data_start, .)
 *(.data .data.* .gnu.linkonce.d.*)
 .data          0x00001100        0xa slip-radio.co
                0x00001100                slip_radio_process
 .data          0x0000110a       0x10 contiki-sky.a(phase.o)
 .data          0x0000111a        0xa contiki-sky.a(etimer.o)
                0x0000111a                etimer_process
 .data          0x00001124        0xa contiki-sky.a(ctimer.o)
                0x00001124                ctimer_process
 .data          0x0000112e        0x8 contiki-sky.a(nbr-table.o)
 .data          0x00001136       0x18 contiki-sky.a(queuebuf.o)
 .data          0x0000114e        0xa contiki-sky.a(tcpip.o)
                0x0000114e                tcpip_process
 .data          0x00001158       0x18 contiki-sky.a(uip-ds6-route.o)
 .data          0x00001170        0xa contiki-sky.a(uip-ds6-nbr.o)
                0x00001170                ds6_neighbors
 .data          0x0000117a        0x8 contiki-sky.a(uip-packetqueue)
 .data          0x00001182        0x4 contiki-sky.a(contiki-sky-pla)
                0x00001182                sensors
 .data          0x00001186        0x1 contiki-sky.a(sht11-sensor.o)
 *fill*         0x00001187        0x1 00
 .data          0x00001188        0xa contiki-sky.a(sensors.o)
                0x00001188                sensors_process
 .data          0x00001192        0xa contiki-sky.a(cc2420.o)
                0x00001192                cc2420_process
 .data          0x0000119c        0xa contiki-sky.a(slip.o)
                0x0000119c                slip_process
 .data          0x000011a6        0x2 contiki-sky.a(msp430.o)
 .data          0x000011a8        0x4 /usr/lib/gcc/msp430/4.6.3/../../../../msp430/lib/mmpy-16/libc.a(rand.o)
                0x000011ac                . = ALIGN (0x2)
                0x000011ac                _edata = .
                0x0000c276                PROVIDE (__data_load_start, LOADADDR (.data))
                0x000000ac                PROVIDE (__data_size, SIZEOF (.data))

.bss            0x000011ac     0x16b8 load address 0x0000c322
                0x000011ac                PROVIDE (__bss_start, .)
 *(.bss .bss.*)
 .bss           0x000011ac        0xe slip-radio.co
 .bss           0x000011ba        0xc obj_sky/contiki-sky-main.o
 .bss           0x000011c6       0xc0 contiki-sky.a(sicslowmac.o)
                0x000011c6                attacker
                0x000011c8                attack_flag
 .bss           0x00001286       0xd4 contiki-sky.a(contikimac.o)
 .bss           0x0000135a      0x1d8 contiki-sky.a(phase.o)
 .bss           0x00001532       0x42 contiki-sky.a(process.o)
                0x00001532                process_current
                0x00001534                process_list
 .bss           0x00001574        0x8 contiki-sky.a(compower.o)
 .bss           0x0000157c        0x6 contiki-sky.a(etimer.o)
 .bss           0x00001582        0x4 contiki-sky.a(ctimer.o)
 .bss           0x00001586        0x2 contiki-sky.a(rtimer.o)
 .bss           0x00001588      0x118 contiki-sky.a(nbr-table.o)
 .bss           0x000016a0      0x3c6 contiki-sky.a(queuebuf.o)
 .bss           0x00001a66       0x36 contiki-sky.a(tcpip.o)
 .bss           0x00001a9c      0x2fc contiki-sky.a(uip-ds6-route.o)
 .bss           0x00001d98      0x2f8 contiki-sky.a(uip-ds6-nbr.o)
 .bss           0x00002090       0x1a contiki-sky.a(uip-ds6.o)
 .bss           0x000020aa       0x1e contiki-sky.a(uip-nd6.o)
 .bss           0x000020c8      0x14e contiki-sky.a(uip-packetqueue)
 .bss           0x00002216       0x12 contiki-sky.a(uip6.o)
                0x00002216                uip_ext_opt_offset
                0x00002218                uip_ext_len
                0x0000221a                uip_ext_bitmap
 .bss           0x00002228        0x8 contiki-sky.a(button-sensor.o)
 .bss           0x00002230        0x8 contiki-sky.a(node-id.o)
                0x00002230                node_loc_z
                0x00002232                node_loc_y
                0x00002234                node_loc_x
                0x00002236                node_id
 .bss           0x00002238        0x6 contiki-sky.a(sensors.o)
 .bss           0x0000223e        0xa contiki-sky.a(cc2420.o)
 .bss           0x00002248       0x9a contiki-sky.a(uart1.o)
 .bss           0x000022e2       0xa6 contiki-sky.a(slip.o)
 .bss           0x00002388        0xa contiki-sky.a(clock.o)
 .bss           0x00002392        0x2 contiki-sky.a(leds.o)
 .bss           0x00002394        0x2 contiki-sky.a(watchdog.o)
 .bss           0x00002396       0x10 contiki-sky.a(uip-icmp6.o)
 .bss           0x000023a6        0x4 /usr/lib/gcc/msp430/4.6.3/../../../../msp430/lib/mmpy-16/libc.a(sprintf.o)
 *(COMMON)
 COMMON         0x000023aa       0x12 slip-radio.co
                0x000023aa                packet_pos
                0x000023ac                packet_ids
 COMMON         0x000023bc        0x8 contiki-sky.a(rimeaddr.o)
                0x000023bc                rimeaddr_node_addr
 COMMON         0x000023c4       0x50 contiki-sky.a(sicslowmac.o)
                0x000023c4                packetbuf_addrs
                0x000023e4                packetbuf_attrs
 COMMON         0x00002414        0x1 contiki-sky.a(process.o)
                0x00002414                process_maxevents
 *fill*         0x00002415        0x1 00
 COMMON         0x00002416        0x8 contiki-sky.a(compower.o)
                0x00002416                compower_idle_activity
 COMMON         0x0000241e       0x56 contiki-sky.a(energest.o)
                0x0000241e                energest_total_time
                0x0000244e                energest_total_count
                0x00002450                energest_current_mode
                0x0000245c                energest_current_time
 COMMON         0x00002474        0x1 contiki-sky.a(tcpip.o)
                0x00002474                tcpip_event
 *fill*         0x00002475        0x1 00
 COMMON         0x00002476      0x12a contiki-sky.a(uip-ds6.o)
                0x00002476                uip_ds6_if
                0x0000252c                uip_ds6_netif_addr_list_offset
                0x0000252d                uip_ds6_addr_size
                0x0000252e                uip_ds6_prefix_list
                0x00002588                uip_ds6_timer_periodic
                0x00002594                uip_ds6_timer_rs
 COMMON         0x000025a0      0x2a0 contiki-sky.a(uip6.o)
                0x000025a0                uip_len
                0x000025a2                uip_sappdata
                0x000025a4                uip_acc32
                0x000025a8                uip_lladdr
                0x000025b0                uip_aligned_buf
                0x0000263c                uip_flags
                0x0000263e                uip_next_hdr
                0x00002640                uip_udp_conn
                0x00002642                uip_appdata
                0x00002644                uip_conn
                0x00002646                uip_conns
                0x000026f6                uip_listenports
                0x00002706                uip_slen
                0x00002708                uip_udp_conns
 COMMON         0x00002840        0x2 contiki-sky.a(contiki-sky-pla)
                0x00002840                sensors_flags
 COMMON         0x00002842        0x8 contiki-sky.a(ds2411.o)
                0x00002842                ds2411_id
 COMMON         0x0000284a        0x1 contiki-sky.a(sensors.o)
                0x0000284a                sensors_event
 *fill*         0x0000284b        0x1 00
 COMMON         0x0000284c       0x14 contiki-sky.a(cc2420.o)
                0x0000284c                cc2420_last_rssi
                0x0000284e                cc2420_packets_read
                0x00002850                cc2420_packets_seen
                0x00002852                cc2420_sfd_start_time
                0x00002854                cc2420_time_of_departure
                0x00002856                cc2420_time_of_arrival
                0x00002858                cc2420_last_correlation
                0x0000285a                cc2420_authority_level_of_sender
                0x0000285c                cc2420_sfd_counter
                0x0000285e                cc2420_sfd_end_time
 COMMON         0x00002860        0x1 contiki-sky.a(slip.o)
                0x00002860                slip_active
 *fill*         0x00002861        0x1 00
 COMMON         0x00002862        0x2 contiki-sky.a(msp430.o)
                0x00002862                msp430_dco_required
                0x00002864                . = ALIGN (0x2)
                0x00002864                PROVIDE (__bss_end, .)
                0x000016b8                PROVIDE (__bss_size, SIZEOF (.bss))

.noinit         0x00002864        0x2 load address 0x0000c322
                0x00002864                PROVIDE (__noinit_start, .)
 *(.noinit .noinit.*)
 .noinit.crt0   0x00002864        0x2 /usr/lib/gcc/msp430/4.6.3/mmpy-16/libcrt0.a(__watchdog_support.o)
                0x00002864                __wdt_clear_value
                0x00002866                . = ALIGN (0x2)
                0x00002866                PROVIDE (__noinit_end, .)
                0x00002866                . = ALIGN (0x2)
                0x00002866                _end = .

.infomem        0x00001000        0x0
 *(.infomem)
                0x00001000                . = ALIGN (0x2)
 *(.infomem.*)

.infomemnobits  0x00001000        0x0
 *(.infomemnobits)
                0x00001000                . = ALIGN (0x2)
 *(.infomemnobits.*)

.infoa
 *(.infoa .infoa.*)

.infob
 *(.infob .infob.*)

.infoc
 *(.infoc .infoc.*)

.infod
 *(.infod .infod.*)

.vectors        0x0000ffe0       0x20
                0x0000ffe0                PROVIDE (__vectors_start, .)
 *(.vectors*)
 .vectors       0x0000ffe0       0x20 /usr/lib/gcc/msp430/4.6.3/mmpy-16/crt0ivtbl16.o
                0x0000ffe0                __ivtbl_16
                0x00010000                _vectors_end = .

.fartext        0x00000000        0x0
                0x00000000                . = ALIGN (0x2)
 *(.fartext)
                0x00000000                . = ALIGN (0x2)
 *(.fartext.*)
                0x00000000                _efartext = .

.profiler
 *(.profiler)

.stab
 *(.stab)

.stabstr
 *(.stabstr)

.stab.excl
 *(.stab.excl)

.stab.exclstr
 *(.stab.exclstr)

.stab.index
 *(.stab.index)

.stab.indexstr
 *(.stab.indexstr)

.comment
 *(.comment)

.debug
 *(.debug)

.line
 *(.line)

.debug_srcinfo
 *(.debug_srcinfo)

.debug_sfnames
 *(.debug_sfnames)

.debug_aranges  0x00000000      0x1b8
 *(.debug_aranges)
 .debug_aranges
                0x00000000       0x14 /usr/lib/gcc/msp430/4.6.3/mmpy-16/libgcc.a(_mulsi3.o)
 .debug_aranges
                0x00000014       0x14 /usr/lib/gcc/msp430/4.6.3/mmpy-16/libgcc.a(_udivmod16.o)
 .debug_aranges
                0x00000028       0x14 /usr/lib/gcc/msp430/4.6.3/mmpy-16/libgcc.a(_divmod16.o)
 .debug_aranges
                0x0000003c       0x14 /usr/lib/gcc/msp430/4.6.3/mmpy-16/libgcc.a(_udivmod32.o)
 .debug_aranges
                0x00000050       0x14 /usr/lib/gcc/msp430/4.6.3/mmpy-16/libgcc.a(_divmod32.o)
 .debug_aranges
                0x00000064       0x14 /usr/lib/gcc/msp430/4.6.3/../../../../msp430/lib/mmpy-16/libc.a(strncmp.o)
 .debug_aranges
                0x00000078       0x14 /usr/lib/gcc/msp430/4.6.3/../../../../msp430/lib/mmpy-16/libc.a(memcmp.o)
 .debug_aranges
                0x0000008c       0x14 /usr/lib/gcc/msp430/4.6.3/../../../../msp430/lib/mmpy-16/libc.a(memcpy.o)
 .debug_aranges
                0x000000a0       0x14 /usr/lib/gcc/msp430/4.6.3/../../../../msp430/lib/mmpy-16/libc.a(memmove.o)
 .debug_aranges
                0x000000b4       0x14 /usr/lib/gcc/msp430/4.6.3/../../../../msp430/lib/mmpy-16/libc.a(memset.o)
 .debug_aranges
                0x000000c8       0x14 /usr/lib/gcc/msp430/4.6.3/../../../../msp430/lib/mmpy-16/libc.a(printf.o)
 .debug_aranges
                0x000000dc       0x14 /usr/lib/gcc/msp430/4.6.3/../../../../msp430/lib/mmpy-16/libc.a(sprintf.o)
 .debug_aranges
                0x000000f0       0x14 /usr/lib/gcc/msp430/4.6.3/../../../../msp430/lib/mmpy-16/libc.a(vuprintf.o)
 .debug_aranges
                0x00000104       0x14 /usr/lib/gcc/msp430/4.6.3/../../../../msp430/lib/mmpy-16/libc.a(puts.o)
 .debug_aranges
                0x00000118       0x14 /usr/lib/gcc/msp430/4.6.3/../../../../msp430/lib/mmpy-16/libc.a(rand.o)
 .debug_aranges
                0x0000012c       0x14 /usr/lib/gcc/msp430/4.6.3/mmpy-16/libgcc.a(_udivmod64.o)
 .debug_aranges
                0x00000140       0x14 /usr/lib/gcc/msp430/4.6.3/mmpy-16/libcrt0.a(__watchdog_support.o)
 .debug_aranges
                0x00000154       0x14 /usr/lib/gcc/msp430/4.6.3/mmpy-16/libcrt0.a(__init_stack.o)
 .debug_aranges
                0x00000168       0x14 /usr/lib/gcc/msp430/4.6.3/mmpy-16/libcrt0.a(_copy_data.o)
 .debug_aranges
                0x0000017c       0x14 /usr/lib/gcc/msp430/4.6.3/mmpy-16/libcrt0.a(_clear_bss.o)
 .debug_aranges
                0x00000190       0x14 /usr/lib/gcc/msp430/4.6.3/mmpy-16/libcrt0.a(_endless_loop__.o)
 .debug_aranges
                0x000001a4       0x14 /usr/lib/gcc/msp430/4.6.3/mmpy-16/libcrt0.a(_unexpected_.o)

.debug_pubnames
 *(.debug_pubnames)

.debug_info     0x00000000     0x18d1
 *(.debug_info)
 .debug_info    0x00000000       0xd6 /usr/lib/gcc/msp430/4.6.3/mmpy-16/libgcc.a(_mulsi3.o)
 .debug_info    0x000000d6       0xd6 /usr/lib/gcc/msp430/4.6.3/mmpy-16/libgcc.a(_udivmod16.o)
 .debug_info    0x000001ac       0xd6 /usr/lib/gcc/msp430/4.6.3/mmpy-16/libgcc.a(_divmod16.o)
 .debug_info    0x00000282       0xd6 /usr/lib/gcc/msp430/4.6.3/mmpy-16/libgcc.a(_udivmod32.o)
 .debug_info    0x00000358       0xd6 /usr/lib/gcc/msp430/4.6.3/mmpy-16/libgcc.a(_divmod32.o)
 .debug_info    0x0000042e       0xbb /usr/lib/gcc/msp430/4.6.3/../../../../msp430/lib/mmpy-16/libc.a(strncmp.o)
 .debug_info    0x000004e9       0xe8 /usr/lib/gcc/msp430/4.6.3/../../../../msp430/lib/mmpy-16/libc.a(memcmp.o)
 .debug_info    0x000005d1      0x113 /usr/lib/gcc/msp430/4.6.3/../../../../msp430/lib/mmpy-16/libc.a(memcpy.o)
 .debug_info    0x000006e4      0x113 /usr/lib/gcc/msp430/4.6.3/../../../../msp430/lib/mmpy-16/libc.a(memmove.o)
 .debug_info    0x000007f7       0xfe /usr/lib/gcc/msp430/4.6.3/../../../../msp430/lib/mmpy-16/libc.a(memset.o)
 .debug_info    0x000008f5      0x105 /usr/lib/gcc/msp430/4.6.3/../../../../msp430/lib/mmpy-16/libc.a(printf.o)
 .debug_info    0x000009fa      0x277 /usr/lib/gcc/msp430/4.6.3/../../../../msp430/lib/mmpy-16/libc.a(sprintf.o)
 .debug_info    0x00000c71      0x565 /usr/lib/gcc/msp430/4.6.3/../../../../msp430/lib/mmpy-16/libc.a(vuprintf.o)
 .debug_info    0x000011d6       0x96 /usr/lib/gcc/msp430/4.6.3/../../../../msp430/lib/mmpy-16/libc.a(puts.o)
 .debug_info    0x0000126c      0x13f /usr/lib/gcc/msp430/4.6.3/../../../../msp430/lib/mmpy-16/libc.a(rand.o)
 .debug_info    0x000013ab       0xd6 /usr/lib/gcc/msp430/4.6.3/mmpy-16/libgcc.a(_udivmod64.o)
 .debug_info    0x00001481       0xb8 /usr/lib/gcc/msp430/4.6.3/mmpy-16/libcrt0.a(__watchdog_support.o)
 .debug_info    0x00001539       0xb8 /usr/lib/gcc/msp430/4.6.3/mmpy-16/libcrt0.a(__init_stack.o)
 .debug_info    0x000015f1       0xb8 /usr/lib/gcc/msp430/4.6.3/mmpy-16/libcrt0.a(_copy_data.o)
 .debug_info    0x000016a9       0xb8 /usr/lib/gcc/msp430/4.6.3/mmpy-16/libcrt0.a(_clear_bss.o)
 .debug_info    0x00001761       0xb8 /usr/lib/gcc/msp430/4.6.3/mmpy-16/libcrt0.a(_endless_loop__.o)
 .debug_info    0x00001819       0xb8 /usr/lib/gcc/msp430/4.6.3/mmpy-16/libcrt0.a(_unexpected_.o)
 *(.gnu.linkonce.wi.*)

.debug_abbrev   0x00000000      0x8e5
 *(.debug_abbrev)
 .debug_abbrev  0x00000000       0x14 /usr/lib/gcc/msp430/4.6.3/mmpy-16/libgcc.a(_mulsi3.o)
 .debug_abbrev  0x00000014       0x14 /usr/lib/gcc/msp430/4.6.3/mmpy-16/libgcc.a(_udivmod16.o)
 .debug_abbrev  0x00000028       0x14 /usr/lib/gcc/msp430/4.6.3/mmpy-16/libgcc.a(_divmod16.o)
 .debug_abbrev  0x0000003c       0x14 /usr/lib/gcc/msp430/4.6.3/mmpy-16/libgcc.a(_udivmod32.o)
 .debug_abbrev  0x00000050       0x14 /usr/lib/gcc/msp430/4.6.3/mmpy-16/libgcc.a(_divmod32.o)
 .debug_abbrev  0x00000064       0x7c /usr/lib/gcc/msp430/4.6.3/../../../../msp430/lib/mmpy-16/libc.a(strncmp.o)
 .debug_abbrev  0x000000e0       0x9b /usr/lib/gcc/msp430/4.6.3/../../../../msp430/lib/mmpy-16/libc.a(memcmp.o)
 .debug_abbrev  0x0000017b       0x97 /usr/lib/gcc/msp430/4.6.3/../../../../msp430/lib/mmpy-16/libc.a(memcpy.o)
 .debug_abbrev  0x00000212       0x97 /usr/lib/gcc/msp430/4.6.3/../../../../msp430/lib/mmpy-16/libc.a(memmove.o)
 .debug_abbrev  0x000002a9       0x9c /usr/lib/gcc/msp430/4.6.3/../../../../msp430/lib/mmpy-16/libc.a(memset.o)
 .debug_abbrev  0x00000345       0xd0 /usr/lib/gcc/msp430/4.6.3/../../../../msp430/lib/mmpy-16/libc.a(printf.o)
 .debug_abbrev  0x00000415      0x105 /usr/lib/gcc/msp430/4.6.3/../../../../msp430/lib/mmpy-16/libc.a(sprintf.o)
 .debug_abbrev  0x0000051a      0x1ef /usr/lib/gcc/msp430/4.6.3/../../../../msp430/lib/mmpy-16/libc.a(vuprintf.o)
 .debug_abbrev  0x00000709       0x60 /usr/lib/gcc/msp430/4.6.3/../../../../msp430/lib/mmpy-16/libc.a(puts.o)
 .debug_abbrev  0x00000769       0xf0 /usr/lib/gcc/msp430/4.6.3/../../../../msp430/lib/mmpy-16/libc.a(rand.o)
 .debug_abbrev  0x00000859       0x14 /usr/lib/gcc/msp430/4.6.3/mmpy-16/libgcc.a(_udivmod64.o)
 .debug_abbrev  0x0000086d       0x14 /usr/lib/gcc/msp430/4.6.3/mmpy-16/libcrt0.a(__watchdog_support.o)
 .debug_abbrev  0x00000881       0x14 /usr/lib/gcc/msp430/4.6.3/mmpy-16/libcrt0.a(__init_stack.o)
 .debug_abbrev  0x00000895       0x14 /usr/lib/gcc/msp430/4.6.3/mmpy-16/libcrt0.a(_copy_data.o)
 .debug_abbrev  0x000008a9       0x14 /usr/lib/gcc/msp430/4.6.3/mmpy-16/libcrt0.a(_clear_bss.o)
 .debug_abbrev  0x000008bd       0x14 /usr/lib/gcc/msp430/4.6.3/mmpy-16/libcrt0.a(_endless_loop__.o)
 .debug_abbrev  0x000008d1       0x14 /usr/lib/gcc/msp430/4.6.3/mmpy-16/libcrt0.a(_unexpected_.o)

.debug_line     0x00000000      0xf4b
 *(.debug_line)
 .debug_line    0x00000000       0xa3 /usr/lib/gcc/msp430/4.6.3/mmpy-16/libgcc.a(_mulsi3.o)
 .debug_line    0x000000a3       0x9c /usr/lib/gcc/msp430/4.6.3/mmpy-16/libgcc.a(_udivmod16.o)
 .debug_line    0x0000013f       0xa7 /usr/lib/gcc/msp430/4.6.3/mmpy-16/libgcc.a(_divmod16.o)
 .debug_line    0x000001e6       0xab /usr/lib/gcc/msp430/4.6.3/mmpy-16/libgcc.a(_udivmod32.o)
 .debug_line    0x00000291       0xb0 /usr/lib/gcc/msp430/4.6.3/mmpy-16/libgcc.a(_divmod32.o)
 .debug_line    0x00000341       0x75 /usr/lib/gcc/msp430/4.6.3/../../../../msp430/lib/mmpy-16/libc.a(strncmp.o)
 .debug_line    0x000003b6       0x73 /usr/lib/gcc/msp430/4.6.3/../../../../msp430/lib/mmpy-16/libc.a(memcmp.o)
 .debug_line    0x00000429       0xe9 /usr/lib/gcc/msp430/4.6.3/../../../../msp430/lib/mmpy-16/libc.a(memcpy.o)
 .debug_line    0x00000512       0xe9 /usr/lib/gcc/msp430/4.6.3/../../../../msp430/lib/mmpy-16/libc.a(memmove.o)
 .debug_line    0x000005fb       0xc8 /usr/lib/gcc/msp430/4.6.3/../../../../msp430/lib/mmpy-16/libc.a(memset.o)
 .debug_line    0x000006c3       0x72 /usr/lib/gcc/msp430/4.6.3/../../../../msp430/lib/mmpy-16/libc.a(printf.o)
 .debug_line    0x00000735       0x9c /usr/lib/gcc/msp430/4.6.3/../../../../msp430/lib/mmpy-16/libc.a(sprintf.o)
 .debug_line    0x000007d1      0x2d2 /usr/lib/gcc/msp430/4.6.3/../../../../msp430/lib/mmpy-16/libc.a(vuprintf.o)
 .debug_line    0x00000aa3       0x4d /usr/lib/gcc/msp430/4.6.3/../../../../msp430/lib/mmpy-16/libc.a(puts.o)
 .debug_line    0x00000af0       0x4f /usr/lib/gcc/msp430/4.6.3/../../../../msp430/lib/mmpy-16/libc.a(rand.o)
 .debug_line    0x00000b3f       0xf1 /usr/lib/gcc/msp430/4.6.3/mmpy-16/libgcc.a(_udivmod64.o)
 .debug_line    0x00000c30       0x84 /usr/lib/gcc/msp430/4.6.3/mmpy-16/libcrt0.a(__watchdog_support.o)
 .debug_line    0x00000cb4       0x82 /usr/lib/gcc/msp430/4.6.3/mmpy-16/libcrt0.a(__init_stack.o)
 .debug_line    0x00000d36       0x88 /usr/lib/gcc/msp430/4.6.3/mmpy-16/libcrt0.a(_copy_data.o)
 .debug_line    0x00000dbe       0x88 /usr/lib/gcc/msp430/4.6.3/mmpy-16/libcrt0.a(_clear_bss.o)
 .debug_line    0x00000e46       0x83 /usr/lib/gcc/msp430/4.6.3/mmpy-16/libcrt0.a(_endless_loop__.o)
 .debug_line    0x00000ec9       0x82 /usr/lib/gcc/msp430/4.6.3/mmpy-16/libcrt0.a(_unexpected_.o)

.debug_frame    0x00000000      0x28c
 *(.debug_frame)
 .debug_frame   0x00000000       0x24 /usr/lib/gcc/msp430/4.6.3/../../../../msp430/lib/mmpy-16/libc.a(strncmp.o)
 .debug_frame   0x00000024       0x24 /usr/lib/gcc/msp430/4.6.3/../../../../msp430/lib/mmpy-16/libc.a(memcmp.o)
 .debug_frame   0x00000048       0x38 /usr/lib/gcc/msp430/4.6.3/../../../../msp430/lib/mmpy-16/libc.a(memcpy.o)
 .debug_frame   0x00000080       0x38 /usr/lib/gcc/msp430/4.6.3/../../../../msp430/lib/mmpy-16/libc.a(memmove.o)
 .debug_frame   0x000000b8       0x32 /usr/lib/gcc/msp430/4.6.3/../../../../msp430/lib/mmpy-16/libc.a(memset.o)
 .debug_frame   0x000000ea       0x2a /usr/lib/gcc/msp430/4.6.3/../../../../msp430/lib/mmpy-16/libc.a(printf.o)
 .debug_frame   0x00000114       0x68 /usr/lib/gcc/msp430/4.6.3/../../../../msp430/lib/mmpy-16/libc.a(sprintf.o)
 .debug_frame   0x0000017c       0xb0 /usr/lib/gcc/msp430/4.6.3/../../../../msp430/lib/mmpy-16/libc.a(vuprintf.o)
 .debug_frame   0x0000022c       0x24 /usr/lib/gcc/msp430/4.6.3/../../../../msp430/lib/mmpy-16/libc.a(puts.o)
 .debug_frame   0x00000250       0x3c /usr/lib/gcc/msp430/4.6.3/../../../../msp430/lib/mmpy-16/libc.a(rand.o)

.debug_str      0x00000000      0x45c
 *(.debug_str)
 .debug_str     0x00000000       0xc4 /usr/lib/gcc/msp430/4.6.3/../../../../msp430/lib/mmpy-16/libc.a(strncmp.o)
                                 0xfd (size before relaxing)
 .debug_str     0x000000c4       0x19 /usr/lib/gcc/msp430/4.6.3/../../../../msp430/lib/mmpy-16/libc.a(memcmp.o)
                                 0xfb (size before relaxing)
 .debug_str     0x000000dd       0x34 /usr/lib/gcc/msp430/4.6.3/../../../../msp430/lib/mmpy-16/libc.a(memcpy.o)
                                0x116 (size before relaxing)
 .debug_str     0x00000111       0x1b /usr/lib/gcc/msp430/4.6.3/../../../../msp430/lib/mmpy-16/libc.a(memmove.o)
                                0x118 (size before relaxing)
 .debug_str     0x0000012c       0x26 /usr/lib/gcc/msp430/4.6.3/../../../../msp430/lib/mmpy-16/libc.a(memset.o)
                                0x114 (size before relaxing)
 .debug_str     0x00000152       0x40 /usr/lib/gcc/msp430/4.6.3/../../../../msp430/lib/mmpy-16/libc.a(printf.o)
                                0x12a (size before relaxing)
 .debug_str     0x00000192       0x6e /usr/lib/gcc/msp430/4.6.3/../../../../msp430/lib/mmpy-16/libc.a(sprintf.o)
                                0x18f (size before relaxing)
 .debug_str     0x00000200      0x218 /usr/lib/gcc/msp430/4.6.3/../../../../msp430/lib/mmpy-16/libc.a(vuprintf.o)
                                0x375 (size before relaxing)
 .debug_str     0x00000418       0x15 /usr/lib/gcc/msp430/4.6.3/../../../../msp430/lib/mmpy-16/libc.a(puts.o)
                                 0xf0 (size before relaxing)
 .debug_str     0x0000042d       0x2f /usr/lib/gcc/msp430/4.6.3/../../../../msp430/lib/mmpy-16/libc.a(rand.o)
                                0x10f (size before relaxing)

.debug_loc      0x00000000      0xdc7
 *(.debug_loc)
 .debug_loc     0x00000000       0x38 /usr/lib/gcc/msp430/4.6.3/../../../../msp430/lib/mmpy-16/libc.a(strncmp.o)
 .debug_loc     0x00000038       0x5e /usr/lib/gcc/msp430/4.6.3/../../../../msp430/lib/mmpy-16/libc.a(memcmp.o)
 .debug_loc     0x00000096      0x1e9 /usr/lib/gcc/msp430/4.6.3/../../../../msp430/lib/mmpy-16/libc.a(memcpy.o)
 .debug_loc     0x0000027f      0x1e9 /usr/lib/gcc/msp430/4.6.3/../../../../msp430/lib/mmpy-16/libc.a(memmove.o)
 .debug_loc     0x00000468       0xdb /usr/lib/gcc/msp430/4.6.3/../../../../msp430/lib/mmpy-16/libc.a(memset.o)
 .debug_loc     0x00000543       0x38 /usr/lib/gcc/msp430/4.6.3/../../../../msp430/lib/mmpy-16/libc.a(printf.o)
 .debug_loc     0x0000057b       0xeb /usr/lib/gcc/msp430/4.6.3/../../../../msp430/lib/mmpy-16/libc.a(sprintf.o)
 .debug_loc     0x00000666      0x70c /usr/lib/gcc/msp430/4.6.3/../../../../msp430/lib/mmpy-16/libc.a(vuprintf.o)
 .debug_loc     0x00000d72       0x26 /usr/lib/gcc/msp430/4.6.3/../../../../msp430/lib/mmpy-16/libc.a(puts.o)
 .debug_loc     0x00000d98       0x2f /usr/lib/gcc/msp430/4.6.3/../../../../msp430/lib/mmpy-16/libc.a(rand.o)

.debug_macinfo
 *(.debug_macinfo)

.debug_pubtypes
 *(.debug_pubtypes)

.debug_ranges   0x00000000       0x18
 *(.debug_ranges)
 .debug_ranges  0x00000000       0x18 /usr/lib/gcc/msp430/4.6.3/../../../../msp430/lib/mmpy-16/libc.a(vuprintf.o)
                0x00003900                PROVIDE (__stack, (ORIGIN (ram) + 0x2800))
                0x0000c276                PROVIDE (__data_start_rom, _etext)
                0x0000c322                PROVIDE (__data_end_rom, (_etext + SIZEOF (.data)))
OUTPUT(slip-radio.sky elf32-msp430)
