Archive member included because of file (symbol)

contiki-sky.a(rimeaddr.o)     obj_sky/contiki-sky-main.o (rimeaddr_copy)
contiki-sky.a(sicslowmac.o)   2.co (packetbuf_attrs)
contiki-sky.a(csma.o)         obj_sky/contiki-sky-main.o (csma_driver)
contiki-sky.a(rpl.o)          2.co (rpl_remove_routes)
contiki-sky.a(rpl-icmp6.o)    contiki-sky.a(rpl.o) (dao_output_target)
contiki-sky.a(rpl-timers.o)   contiki-sky.a(rpl.o) (rpl_reset_periodic_timer)
contiki-sky.a(rpl-mrhof.o)    2.co (rpl_mrhof)
contiki-sky.a(process.o)      obj_sky/contiki-sky-main.o (process_init)
contiki-sky.a(autostart.o)    obj_sky/contiki-sky-main.o (autostart_start)
contiki-sky.a(memb.o)         contiki-sky.a(csma.o) (memb_init)
contiki-sky.a(timer.o)        obj_sky/contiki-sky-main.o (timer_set)
contiki-sky.a(list.o)         contiki-sky.a(csma.o) (list_init)
contiki-sky.a(etimer.o)       obj_sky/contiki-sky-main.o (etimer_process)
contiki-sky.a(ctimer.o)       obj_sky/contiki-sky-main.o (ctimer_init)
contiki-sky.a(energest.o)     obj_sky/contiki-sky-main.o (energest_init)
contiki-sky.a(rtimer.o)       obj_sky/contiki-sky-main.o (rtimer_init)
contiki-sky.a(stimer.o)       contiki-sky.a(rpl-icmp6.o) (stimer_set)
contiki-sky.a(random.o)       obj_sky/contiki-sky-main.o (random_init)
contiki-sky.a(nbr-table.o)    2.co (nbr_table_register)
contiki-sky.a(queuebuf.o)     obj_sky/contiki-sky-main.o (queuebuf_init)
contiki-sky.a(sicslowpan.o)   obj_sky/contiki-sky-main.o (sicslowpan_driver)
contiki-sky.a(tcpip.o)        contiki-sky.a(sicslowpan.o) (tcpip_set_outputfunc)
contiki-sky.a(uip-ds6-route.o)
                              contiki-sky.a(rpl.o) (uip_ds6_route_nexthop)
contiki-sky.a(uip-ds6-nbr.o)  2.co (ds6_neighbors)
contiki-sky.a(uip-ds6.o)      contiki-sky.a(tcpip.o) (uip_ds6_is_addr_onlink)
contiki-sky.a(uip-icmp6.o)    contiki-sky.a(rpl-icmp6.o) (uip_icmp6_send)
contiki-sky.a(uip-nd6.o)      contiki-sky.a(tcpip.o) (uip_nd6_ns_output)
contiki-sky.a(uip-packetqueue)
                              contiki-sky.a(uip-ds6-nbr.o) (uip_packetqueue_new)
contiki-sky.a(uip-udp-packet.)
                              2.co (uip_udp_packet_send)
contiki-sky.a(uip6.o)         2.co (uip_aligned_buf)
contiki-sky.a(contiki-sky-pla)
                              obj_sky/contiki-sky-main.o (init_platform)
contiki-sky.a(button-sensor.o)
                              contiki-sky.a(contiki-sky-pla) (button_sensor)
contiki-sky.a(ds2411.o)       obj_sky/contiki-sky-main.o (ds2411_init)
contiki-sky.a(xmem.o)         obj_sky/contiki-sky-main.o (xmem_init)
contiki-sky.a(node-id.o)      obj_sky/contiki-sky-main.o (node_id_restore)
contiki-sky.a(sensors.o)      contiki-sky.a(button-sensor.o) (sensors_changed)
contiki-sky.a(cc2420.o)       obj_sky/contiki-sky-main.o (cc2420_set_channel)
contiki-sky.a(cc2420-arch.o)  contiki-sky.a(cc2420.o) (cc2420_arch_init)
contiki-sky.a(uart1.o)        obj_sky/contiki-sky-main.o (uart1_active)
contiki-sky.a(uart1-putchar.o)
                              2.co (putchar)
contiki-sky.a(msp430.o)       contiki-sky.a(uart1.o) (msp430_add_lpm_req)
contiki-sky.a(clock.o)        contiki-sky.a(timer.o) (clock_time)
contiki-sky.a(leds.o)         obj_sky/contiki-sky-main.o (leds_init)
contiki-sky.a(leds-arch.o)    contiki-sky.a(leds.o) (leds_arch_init)
contiki-sky.a(watchdog.o)     obj_sky/contiki-sky-main.o (watchdog_start)
contiki-sky.a(rtimer-arch.o)  contiki-sky.a(rtimer.o) (rtimer_arch_init)
contiki-sky.a(frame802154.o)  contiki-sky.a(sicslowmac.o) (frame802154_hdrlen)
contiki-sky.a(mac.o)          contiki-sky.a(csma.o) (mac_call_sent_callback)
contiki-sky.a(framer-802154.o)
                              contiki-sky.a(sicslowpan.o) (framer_802154)
contiki-sky.a(rpl-ext-header.)
                              contiki-sky.a(uip6.o) (rpl_verify_header)
contiki-sky.a(spi.o)          contiki-sky.a(xmem.o) (spi_init)
/usr/lib/gcc/msp430/4.6.3/mmpy-16/libgcc.a(_mulsi3.o)
                              2.co (__mulsi3)
/usr/lib/gcc/msp430/4.6.3/mmpy-16/libgcc.a(_udivmod16.o)
                              2.co (__udivhi3)
/usr/lib/gcc/msp430/4.6.3/mmpy-16/libgcc.a(_divmod16.o)
                              contiki-sky.a(nbr-table.o) (__divhi3)
/usr/lib/gcc/msp430/4.6.3/mmpy-16/libgcc.a(_udivmod32.o)
                              obj_sky/contiki-sky-main.o (__udivsi3)
/usr/lib/gcc/msp430/4.6.3/../../../../msp430/lib/mmpy-16/libc.a(strncmp.o)
                              contiki-sky.a(sensors.o) (strncmp)
/usr/lib/gcc/msp430/4.6.3/../../../../msp430/lib/mmpy-16/libc.a(memcmp.o)
                              2.co (memcmp)
/usr/lib/gcc/msp430/4.6.3/../../../../msp430/lib/mmpy-16/libc.a(memcpy.o)
                              2.co (memcpy)
/usr/lib/gcc/msp430/4.6.3/../../../../msp430/lib/mmpy-16/libc.a(memmove.o)
                              contiki-sky.a(sicslowpan.o) (memmove)
/usr/lib/gcc/msp430/4.6.3/../../../../msp430/lib/mmpy-16/libc.a(memset.o)
                              2.co (memset)
[...]
Memory Configuration

Name             Origin             Length             Attributes
sfr              0x00000000         0x00000010
peripheral_8bit  0x00000010         0x000000f0
peripheral_16bit 0x00000100         0x00000100
ram_mirror       0x00000200         0x00000800         xw
infomem          0x00001000         0x00000100
infob            0x00001000         0x00000080
infoa            0x00001080         0x00000080
ram              0x00001100         0x00002800         xw
rom              0x00004000         0x0000bfe0         xr
vectors          0x0000ffe0         0x00000020
bsl              0x00000000         0x00000000
infoc            0x00000000         0x00000000
infod            0x00000000         0x00000000
ram2             0x00000000         0x00000000         xw
usbram           0x00000000         0x00000000         xw
far_rom          0x00000000         0x00000000
*default*        0x00000000         0xffffffff

Linker script and memory map

LOAD /usr/lib/gcc/msp430/4.6.3/mmpy-16/crt0ivtbl16.o
LOAD 2.co
LOAD obj_sky/contiki-sky-main.o
LOAD contiki-sky.a
LOAD /usr/lib/gcc/msp430/4.6.3/mmpy-16/libgcc.a
LOAD /usr/lib/gcc/msp430/4.6.3/../../../../msp430/lib/mmpy-16/libc.a
LOAD /usr/lib/gcc/msp430/4.6.3/mmpy-16/libgcc.a
LOAD /usr/lib/gcc/msp430/4.6.3/mmpy-16/libcrt0.a
                0x00000080                PROVIDE (__info_segment_size, 0x80)
                0x00001000                PROVIDE (__infob, 0x1000)
                0x00001080                PROVIDE (__infoa, 0x1080)
                0x00000000                __IE1 = 0x0
                0x00000002                __IFG1 = 0x2
                0x00000004                __ME1 = 0x4
                0x00000001                __IE2 = 0x1
                0x00000003                __IFG2 = 0x3
                0x00000005                __ME2 = 0x5
                0x00000120                __WDTCTL = 0x120
                0x00000130                __MPY = 0x130
                0x00000132                __MPYS = 0x132
                0x00000134                __MAC = 0x134
                0x00000136                __MACS = 0x136
                0x00000138                __OP2 = 0x138
                0x0000013a                __RESLO = 0x13a
                0x0000013c                __RESHI = 0x13c
                0x0000013e                __SUMEXT = 0x13e
                0x00000020                __P1IN = 0x20
                0x00000021                __P1OUT = 0x21
                0x00000022                __P1DIR = 0x22
                0x00000023                __P1IFG = 0x23
                0x00000024                __P1IES = 0x24
                0x00000025                __P1IE = 0x25
                0x00000026                __P1SEL = 0x26
                0x00000028                __P2IN = 0x28
                0x00000029                __P2OUT = 0x29
                0x0000002a                __P2DIR = 0x2a
                0x0000002b                __P2IFG = 0x2b
                0x0000002c                __P2IES = 0x2c
                0x0000002d                __P2IE = 0x2d
                0x0000002e                __P2SEL = 0x2e
                0x00000018                __P3IN = 0x18
                0x00000019                __P3OUT = 0x19
                0x0000001a                __P3DIR = 0x1a
                0x0000001b                __P3SEL = 0x1b
                0x0000001c                __P4IN = 0x1c
                0x0000001d                __P4OUT = 0x1d
                0x0000001e                __P4DIR = 0x1e
                0x0000001f                __P4SEL = 0x1f
                0x00000030                __P5IN = 0x30
                0x00000031                __P5OUT = 0x31
                0x00000032                __P5DIR = 0x32
                0x00000033                __P5SEL = 0x33
                0x00000034                __P6IN = 0x34
                0x00000035                __P6OUT = 0x35
                0x00000036                __P6DIR = 0x36
                0x00000037                __P6SEL = 0x37
                0x00000070                __U0CTL = 0x70
                0x00000071                __U0TCTL = 0x71
                0x00000072                __U0RCTL = 0x72
                0x00000073                __U0MCTL = 0x73
                0x00000074                __U0BR0 = 0x74
                0x00000075                __U0BR1 = 0x75
                0x00000076                __U0RXBUF = 0x76
                0x00000077                __U0TXBUF = 0x77
                0x00000078                __U1CTL = 0x78
                0x00000079                __U1TCTL = 0x79
                0x0000007a                __U1RCTL = 0x7a
                0x0000007b                __U1MCTL = 0x7b
                0x0000007c                __U1BR0 = 0x7c
                0x0000007d                __U1BR1 = 0x7d
                0x0000007e                __U1RXBUF = 0x7e
                0x0000007f                __U1TXBUF = 0x7f
                0x00000050                __I2CIE = 0x50
                0x00000051                __I2CIFG = 0x51
                0x00000052                __I2CNDAT = 0x52
                0x00000071                __I2CTCTL = 0x71
                0x00000072                __I2CDCTL = 0x72
                0x00000073                __I2CPSC = 0x73
                0x00000074                __I2CSCLH = 0x74
                0x00000075                __I2CSCLL = 0x75
                0x00000076                __I2CDRB = 0x76
                0x00000076                __I2CDRW = 0x76
                0x00000118                __I2COA = 0x118
                0x0000011a                __I2CSA = 0x11a
                0x0000011c                __I2CIV = 0x11c
                0x0000012e                __TAIV = 0x12e
                0x00000160                __TACTL = 0x160
                0x00000162                __TACCTL0 = 0x162
                0x00000164                __TACCTL1 = 0x164
                0x00000166                __TACCTL2 = 0x166
                0x00000170                __TAR = 0x170
                0x00000172                __TACCR0 = 0x172
                0x00000174                __TACCR1 = 0x174
                0x00000176                __TACCR2 = 0x176
                0x0000011e                __TBIV = 0x11e
                0x00000180                __TBCTL = 0x180
                0x00000182                __TBCCTL0 = 0x182
                0x00000184                __TBCCTL1 = 0x184
                0x00000186                __TBCCTL2 = 0x186
                0x00000188                __TBCCTL3 = 0x188
                0x0000018a                __TBCCTL4 = 0x18a
                0x0000018c                __TBCCTL5 = 0x18c
                0x0000018e                __TBCCTL6 = 0x18e
                0x00000190                __TBR = 0x190
                0x00000192                __TBCCR0 = 0x192
                0x00000194                __TBCCR1 = 0x194
                0x00000196                __TBCCR2 = 0x196
                0x00000198                __TBCCR3 = 0x198
                0x0000019a                __TBCCR4 = 0x19a
                0x0000019c                __TBCCR5 = 0x19c
                0x0000019e                __TBCCR6 = 0x19e
                0x00000056                __DCOCTL = 0x56
                0x00000057                __BCSCTL1 = 0x57
                0x00000058                __BCSCTL2 = 0x58
                0x00000055                __SVSCTL = 0x55
                0x00000128                __FCTL1 = 0x128
                0x0000012a                __FCTL2 = 0x12a
                0x0000012c                __FCTL3 = 0x12c
                0x00000059                __CACTL1 = 0x59
                0x0000005a                __CACTL2 = 0x5a
                0x0000005b                __CAPD = 0x5b
                0x000001a0                __ADC12CTL0 = 0x1a0
                0x000001a2                __ADC12CTL1 = 0x1a2
                0x000001a4                __ADC12IFG = 0x1a4
                0x000001a6                __ADC12IE = 0x1a6
                0x000001a8                __ADC12IV = 0x1a8
                0x00000140                __ADC12MEM0 = 0x140
                0x00000142                __ADC12MEM1 = 0x142
                0x00000144                __ADC12MEM2 = 0x144
                0x00000146                __ADC12MEM3 = 0x146
                0x00000148                __ADC12MEM4 = 0x148
                0x0000014a                __ADC12MEM5 = 0x14a
                0x0000014c                __ADC12MEM6 = 0x14c
                0x0000014e                __ADC12MEM7 = 0x14e
                0x00000150                __ADC12MEM8 = 0x150
                0x00000152                __ADC12MEM9 = 0x152
                0x00000154                __ADC12MEM10 = 0x154
                0x00000156                __ADC12MEM11 = 0x156
                0x00000158                __ADC12MEM12 = 0x158
                0x0000015a                __ADC12MEM13 = 0x15a
                0x0000015c                __ADC12MEM14 = 0x15c
                0x0000015e                __ADC12MEM15 = 0x15e
                0x00000080                __ADC12MCTL0 = 0x80
                0x00000081                __ADC12MCTL1 = 0x81
                0x00000082                __ADC12MCTL2 = 0x82
                0x00000083                __ADC12MCTL3 = 0x83
                0x00000084                __ADC12MCTL4 = 0x84
                0x00000085                __ADC12MCTL5 = 0x85
                0x00000086                __ADC12MCTL6 = 0x86
                0x00000087                __ADC12MCTL7 = 0x87
                0x00000088                __ADC12MCTL8 = 0x88
                0x00000089                __ADC12MCTL9 = 0x89
                0x0000008a                __ADC12MCTL10 = 0x8a
                0x0000008b                __ADC12MCTL11 = 0x8b
                0x0000008c                __ADC12MCTL12 = 0x8c
                0x0000008d                __ADC12MCTL13 = 0x8d
                0x0000008e                __ADC12MCTL14 = 0x8e
                0x0000008f                __ADC12MCTL15 = 0x8f
                0x000001c0                __DAC12_0CTL = 0x1c0
                0x000001c2                __DAC12_1CTL = 0x1c2
                0x000001c8                __DAC12_0DAT = 0x1c8
                0x000001ca                __DAC12_1DAT = 0x1ca
                0x00000122                __DMACTL0 = 0x122
                0x00000124                __DMACTL1 = 0x124
                0x000001e0                __DMA0CTL = 0x1e0
                0x000001e8                __DMA1CTL = 0x1e8
                0x000001f0                __DMA2CTL = 0x1f0
                0x000001e2                __DMA0SA = 0x1e2
                0x000001e4                __DMA0DA = 0x1e4
                0x000001e6                __DMA0SZ = 0x1e6
                0x000001ea                __DMA1SA = 0x1ea
                0x000001ec                __DMA1DA = 0x1ec
                0x000001ee                __DMA1SZ = 0x1ee
                0x000001f2                __DMA2SA = 0x1f2
                0x000001f4                __DMA2DA = 0x1f4
                0x000001f6                __DMA2SZ = 0x1f6

.hash
 *(.hash)

.dynsym
 *(.dynsym)

.dynstr
 *(.dynstr)

.gnu.version
 *(.gnu.version)

.gnu.version_d
 *(.gnu.version_d)

.gnu.version_r
 *(.gnu.version_r)

.rel.init
 *(.rel.init)

.rela.init
 *(.rela.init)

.rel.fini
 *(.rel.fini)

.rela.fini
 *(.rela.fini)

.rel.text
 *(.rel.text .rel.text.* .rel.gnu.linkonce.t.*)

.rela.text
 *(.rela.text .rela.text.* .rela.gnu.linkonce.t.*)

.rel.rodata
 *(.rel.rodata .rel.rodata.* .rel.gnu.linkonce.r.*)

.rela.rodata
 *(.rela.rodata .rela.rodata.* .rela.gnu.linkonce.r.*)

.rel.data
 *(.rel.data .rel.data.* .rel.gnu.linkonce.d.*)

.rela.data
 *(.rela.data .rela.data.* .rela.gnu.linkonce.d.*)

.rel.bss
 *(.rel.bss .rel.bss.* .rel.gnu.linkonce.b.*)

.rela.bss
 *(.rela.bss .rela.bss.* .rela.gnu.linkonce.b.*)

.rel.ctors
 *(.rel.ctors)

.rela.ctors
 *(.rela.ctors)

.rel.dtors
 *(.rel.dtors)

.rela.dtors
 *(.rela.dtors)

.rel.got
 *(.rel.got)

.rela.got
 *(.rela.got)

.rel.plt
 *(.rel.plt)

.rela.plt
 *(.rela.plt)

.text           0x00004000     0xb394
                0x00004000                . = ALIGN (0x2)
 *(.init .init.*)
 *(.init0)
 .init0         0x00004000        0x0 /usr/lib/gcc/msp430/4.6.3/mmpy-16/libcrt0.a(_reset_vector__.o)
                0x00004000                _reset_vector__
 *(.init1)
 .init1         0x00004000        0xc /usr/lib/gcc/msp430/4.6.3/mmpy-16/libcrt0.a(__watchdog_support.o)
                0x00004000                __watchdog_support
 *(.init2)
 .init2         0x0000400c        0x4 /usr/lib/gcc/msp430/4.6.3/mmpy-16/libcrt0.a(__init_stack.o)
                0x0000400c                __init_stack
 *(.init3)
 .init3         0x00004010        0x0 /usr/lib/gcc/msp430/4.6.3/mmpy-16/libcrt0.a(__low_level_init.o)
                0x00004010                __low_level_init
 *(.init4)
 .init4         0x00004010       0x18 /usr/lib/gcc/msp430/4.6.3/mmpy-16/libcrt0.a(_copy_data.o)
                0x00004010                __do_copy_data
 .init4         0x00004028       0x16 /usr/lib/gcc/msp430/4.6.3/mmpy-16/libcrt0.a(_clear_bss.o)
                0x00004028                __do_clear_bss
 *(.init5)
 *(.init6)
 *(.init7)
 *(.init8)
 *(.init9)
 .init9         0x0000403e      0x364 obj_sky/contiki-sky-main.o
                0x0000403e                main
 *(.fini9)
 .fini9         0x000043a2        0x0 /usr/lib/gcc/msp430/4.6.3/mmpy-16/libcrt0.a(__stop_progExec__.o)
                0x000043a2                __stop_progExec__
 *(.fini8)
 *(.fini7)
 *(.fini6)
 *(.fini5)
 *(.fini4)
 *(.fini3)
 *(.fini2)
 *(.fini1)
 *(.fini0)
 .fini0         0x000043a2        0x6 /usr/lib/gcc/msp430/4.6.3/mmpy-16/libcrt0.a(_endless_loop__.o)
                0x000043a2                _endless_loop__
 *(.fini .fini.*)
                0x000043a8                . = ALIGN (0x2)
                0x000043a8                __ctors_start = .
 *(.ctors)
                0x000043a8                __ctors_end = .
                0x000043a8                __dtors_start = .
 *(.dtors)
                0x000043a8                __dtors_end = .
                0x000043a8                . = ALIGN (0x2)
 *(.text .text.* .gnu.linkonce.t.*)
 .text          0x000043a8        0x4 /usr/lib/gcc/msp430/4.6.3/mmpy-16/crt0ivtbl16.o
                0x000043a8                __isr_14
                0x000043a8                __isr_11
                0x000043a8                __isr_2
                0x000043a8                __isr_7
                0x000043a8                __isr_0
                0x000043a8                __isr_8
                0x000043a8                __isr_3
                0x000043a8                __isr_12
                0x000043a8                __isr_13
                0x000043a8                __isr_9
 .text.lollipop_greater_than
                0x000043ac       0x44 2.co
 .text.acceptable_rank
                0x000043f0       0x50 2.co
 .text.send_broadcast
                0x00004440       0x6a 2.co
 .text.process_thread_monitor_process
                0x000044aa       0xf0 2.co
 .text.process_thread_sendpacket_process
                0x0000459a       0xee 2.co
 .text.process_thread_sendrssi_process
                0x00004688      0x28e 2.co
 .text.send_xy  0x00004916       0xae 2.co
 .text.find_parent_any_dag_any_instance
                0x000049c4       0x14 2.co
 .text.set_ip_from_prefix
                0x000049d8       0x38 2.co
 .text.check_prefix
                0x00004a10       0x80 2.co
 .text.process_thread_sendfpacket_process
                0x00004a90       0x6a 2.co
 .text.rpl_dag_init
                0x00004afa        0xe 2.co
                0x00004afa                rpl_dag_init
 .text.rpl_get_parent_ipaddr
                0x00004b08       0x10 2.co
                0x00004b08                rpl_get_parent_ipaddr
 .text.rpl_set_preferred_parent
                0x00004b18       0x52 2.co
 .text.rpl_set_prefix
                0x00004b6a       0x8e 2.co
                0x00004b6a                rpl_set_prefix
 .text.rpl_set_default_route
                0x00004bf8       0x5a 2.co
                0x00004bf8                rpl_set_default_route
 .text.rpl_alloc_instance
                0x00004c52       0x2c 2.co
                0x00004c52                rpl_alloc_instance
 .text.rpl_add_parent
                0x00004c7e       0x3c 2.co
                0x00004c7e                rpl_add_parent
 .text.rpl_find_parent
                0x00004cba       0x1a 2.co
                0x00004cba                rpl_find_parent
 .text.rpl_find_parent_any_dag
                0x00004cd4       0x22 2.co
                0x00004cd4                rpl_find_parent_any_dag
 .text.rpl_select_parent
                0x00004cf6       0x5c 2.co
                0x00004cf6                rpl_select_parent
 .text.rpl_select_dag
                0x00004d52      0x182 2.co
                0x00004d52                rpl_select_dag
 .text.rpl_nullify_parent
                0x00004ed4       0x4e 2.co
                0x00004ed4                rpl_nullify_parent
 .text.rpl_remove_parent
                0x00004f22       0x16 2.co
                0x00004f22                rpl_remove_parent
 .text.remove_parents.constprop.3
                0x00004f38       0x32 2.co
 .text.rpl_free_dag
                0x00004f6a       0x36 2.co
                0x00004f6a                rpl_free_dag
 .text.rpl_free_instance
                0x00004fa0       0x5c 2.co
                0x00004fa0                rpl_free_instance
 .text.rpl_move_parent
                0x00004ffc       0x6e 2.co
                0x00004ffc                rpl_move_parent
 .text.rpl_get_any_dag
                0x0000506a       0x18 2.co
                0x0000506a                rpl_get_any_dag
 .text.rpl_get_instance
                0x00005082       0x1a 2.co
                0x00005082                rpl_get_instance
 .text.get_dag  0x0000509c       0x56 2.co
 .text.rpl_alloc_dag
                0x000050f2       0x66 2.co
                0x000050f2                rpl_alloc_dag
 .text.rpl_repair_root
                0x00005158       0x50 2.co
                0x00005158                rpl_repair_root
 .text.rpl_find_of
                0x000051a8       0x10 2.co
                0x000051a8                rpl_find_of
 .text.rpl_join_instance
                0x000051b8      0x13c 2.co
                0x000051b8                rpl_join_instance
 .text.rpl_local_repair
                0x000052f4       0x7c 2.co
                0x000052f4                rpl_local_repair
 .text.rpl_process_parent_event
                0x00005370       0x4e 2.co
                0x00005370                rpl_process_parent_event
 .text.rpl_recalculate_ranks
                0x000053be       0x42 2.co
                0x000053be                rpl_recalculate_ranks
 .text.rpl_add_dag
                0x00005400      0x112 2.co
                0x00005400                rpl_add_dag
 .text.rpl_process_dio
                0x00005512      0x26c 2.co
                0x00005512                rpl_process_dio
 .text.forward_rssi
                0x0000577e       0x78 2.co
                0x0000577e                forward_rssi
 .text.suspect_monitor
                0x000057f6       0xc0 2.co
                0x000057f6                suspect_monitor
 .text.tcpip_handler
                0x000058b6      0x192 2.co
 .text.prepare_packet
                0x00005a48      0x210 2.co
                0x00005a48                prepare_packet
 .text.process_thread_udp_client_process
                0x00005c58      0x332 2.co
 .text.rimeaddr_copy
                0x00005f8a        0x8 contiki-sky.a(rimeaddr.o)
                0x00005f8a                rimeaddr_copy
 .text.rimeaddr_cmp
                0x00005f92       0x12 contiki-sky.a(rimeaddr.o)
                0x00005f92                rimeaddr_cmp
 .text.rimeaddr_set_node_addr
                0x00005fa4        0xc contiki-sky.a(rimeaddr.o)
                0x00005fa4                rimeaddr_set_node_addr
 .text.on       0x00005fb0        0x6 contiki-sky.a(sicslowmac.o)
 .text.channel_check_interval
                0x00005fb6        0x4 contiki-sky.a(sicslowmac.o)
 .text.init     0x00005fba        0xe contiki-sky.a(sicslowmac.o)
 .text.off      0x00005fc8       0x10 contiki-sky.a(sicslowmac.o)
 .text.packetbuf_copyto_hdr
                0x00005fd8       0x1c contiki-sky.a(sicslowmac.o)
                0x00005fd8                packetbuf_copyto_hdr
 .text.packetbuf_copyto
                0x00005ff4       0x52 contiki-sky.a(sicslowmac.o)
                0x00005ff4                packetbuf_copyto
 .text.packetbuf_hdrreduce
                0x00006046       0x1a contiki-sky.a(sicslowmac.o)
                0x00006046                packetbuf_hdrreduce
 .text.packetbuf_set_datalen
                0x00006060        0x6 contiki-sky.a(sicslowmac.o)
                0x00006060                packetbuf_set_datalen
 .text.packetbuf_dataptr
                0x00006066        0xe contiki-sky.a(sicslowmac.o)
                0x00006066                packetbuf_dataptr
 .text.input_packet
                0x00006074       0x92 contiki-sky.a(sicslowmac.o)
 .text.packetbuf_hdrptr
                0x00006106        0xa contiki-sky.a(sicslowmac.o)
                0x00006106                packetbuf_hdrptr
 .text.packetbuf_is_reference
                0x00006110        0xe contiki-sky.a(sicslowmac.o)
                0x00006110                packetbuf_is_reference
 .text.packetbuf_reference_ptr
                0x0000611e        0x6 contiki-sky.a(sicslowmac.o)
                0x0000611e                packetbuf_reference_ptr
 .text.packetbuf_datalen
                0x00006124        0x6 contiki-sky.a(sicslowmac.o)
                0x00006124                packetbuf_datalen
 .text.packetbuf_totlen
                0x0000612a       0x10 contiki-sky.a(sicslowmac.o)
                0x0000612a                packetbuf_totlen
 .text.packetbuf_hdralloc
                0x0000613a       0x2e contiki-sky.a(sicslowmac.o)
                0x0000613a                packetbuf_hdralloc
 .text.send_packet
                0x00006168       0xea contiki-sky.a(sicslowmac.o)
 .text.send_list
                0x00006252       0x24 contiki-sky.a(sicslowmac.o)
                0x00006252                send_list
 .text.packetbuf_attr_clear
                0x00006276       0x30 contiki-sky.a(sicslowmac.o)
                0x00006276                packetbuf_attr_clear
 .text.packetbuf_clear
                0x000062a6       0x1a contiki-sky.a(sicslowmac.o)
                0x000062a6                packetbuf_clear
 .text.packetbuf_copyfrom
                0x000062c0       0x2e contiki-sky.a(sicslowmac.o)
                0x000062c0                packetbuf_copyfrom
 .text.packetbuf_attr_copyto
                0x000062ee       0x22 contiki-sky.a(sicslowmac.o)
                0x000062ee                packetbuf_attr_copyto
 .text.packetbuf_attr_copyfrom
                0x00006310       0x24 contiki-sky.a(sicslowmac.o)
                0x00006310                packetbuf_attr_copyfrom
 .text.input_packet
                0x00006334        0x6 contiki-sky.a(csma.o)
 .text.on       0x0000633a        0x6 contiki-sky.a(csma.o)
 .text.off      0x00006340        0x6 contiki-sky.a(csma.o)
 .text.channel_check_interval
                0x00006346       0x10 contiki-sky.a(csma.o)
 .text.transmit_packet_list
                0x00006356       0x24 contiki-sky.a(csma.o)
 .text.send_packet
                0x0000637a      0x164 contiki-sky.a(csma.o)
 .text.init     0x000064de       0x1a contiki-sky.a(csma.o)
 .text.free_packet
                0x000064f8       0x9c contiki-sky.a(csma.o)
 .text.packet_sent
                0x00006594      0x130 contiki-sky.a(csma.o)
 .text.rpl_purge_routes
                0x000066c4       0x96 contiki-sky.a(rpl.o)
                0x000066c4                rpl_purge_routes
 .text.rpl_remove_routes
                0x0000675a       0x22 contiki-sky.a(rpl.o)
                0x0000675a                rpl_remove_routes
 .text.rpl_remove_routes_by_nexthop
                0x0000677c       0x46 contiki-sky.a(rpl.o)
                0x0000677c                rpl_remove_routes_by_nexthop
 .text.rpl_add_route
                0x000067c2       0x44 contiki-sky.a(rpl.o)
                0x000067c2                rpl_add_route
 .text.rpl_link_neighbor_callback
                0x00006806       0x6a contiki-sky.a(rpl.o)
                0x00006806                rpl_link_neighbor_callback
 .text.rpl_ipv6_neighbor_callback
                0x00006870       0x1e contiki-sky.a(rpl.o)
                0x00006870                rpl_ipv6_neighbor_callback
 .text.rpl_init
                0x0000688e       0x40 contiki-sky.a(rpl.o)
                0x0000688e                rpl_init
 .text.get32    0x000068ce       0x46 contiki-sky.a(rpl-icmp6.o)
 .text.set32    0x00006914       0x2a contiki-sky.a(rpl-icmp6.o)
 .text.get16    0x0000693e        0xe contiki-sky.a(rpl-icmp6.o)
 .text.set16    0x0000694c       0x10 contiki-sky.a(rpl-icmp6.o)
 .text.dis_output
                0x0000695c       0x50 contiki-sky.a(rpl-icmp6.o)
                0x0000695c                dis_output
 .text.dio_output
                0x000069ac      0x264 contiki-sky.a(rpl-icmp6.o)
                0x000069ac                dio_output
 .text.dao_output_target
                0x00006c10       0xe2 contiki-sky.a(rpl-icmp6.o)
                0x00006c10                dao_output_target
 .text.dao_output
                0x00006cf2       0x80 contiki-sky.a(rpl-icmp6.o)
                0x00006cf2                dao_output
 .text.dao_ack_output
                0x00006d72       0x32 contiki-sky.a(rpl-icmp6.o)
                0x00006d72                dao_ack_output
 .text.uip_rpl_input
                0x00006da4      0x538 contiki-sky.a(rpl-icmp6.o)
                0x00006da4                uip_rpl_input
 .text.new_dio_interval
                0x000072dc       0x92 contiki-sky.a(rpl-timers.o)
 .text.handle_periodic_timer
                0x0000736e       0x2e contiki-sky.a(rpl-timers.o)
 .text.handle_dao_timer
                0x0000739c       0x50 contiki-sky.a(rpl-timers.o)
 .text.handle_dio_timer
                0x000073ec       0x82 contiki-sky.a(rpl-timers.o)
 .text.rpl_reset_periodic_timer
                0x0000746e       0x60 contiki-sky.a(rpl-timers.o)
                0x0000746e                rpl_reset_periodic_timer
 .text.rpl_reset_dio_timer
                0x000074ce       0x18 contiki-sky.a(rpl-timers.o)
                0x000074ce                rpl_reset_dio_timer
 .text.rpl_schedule_dao
                0x000074e6       0x50 contiki-sky.a(rpl-timers.o)
                0x000074e6                rpl_schedule_dao
 .text.reset    0x00007536        0x2 contiki-sky.a(rpl-mrhof.o)
 .text.neighbor_link_callback
                0x00007538       0x8a contiki-sky.a(rpl-mrhof.o)
 .text.calculate_rank
                0x000075c2       0x30 contiki-sky.a(rpl-mrhof.o)
 .text.best_parent
                0x000075f2       0x52 contiki-sky.a(rpl-mrhof.o)
 .text.update_metric_container
                0x00007644        0x6 contiki-sky.a(rpl-mrhof.o)
 .text.best_dag
                0x0000764a       0x34 contiki-sky.a(rpl-mrhof.o)
 .text.call_process
                0x0000767e       0x4a contiki-sky.a(process.o)
 .text.exit_process
                0x000076c8       0x96 contiki-sky.a(process.o)
 .text.do_poll  0x0000775e       0x30 contiki-sky.a(process.o)
 .text.process_alloc_event
                0x0000778e        0xe contiki-sky.a(process.o)
                0x0000778e                process_alloc_event
 .text.process_init
                0x0000779c       0x1c contiki-sky.a(process.o)
                0x0000779c                process_init
 .text.process_run
                0x000077b8       0xa2 contiki-sky.a(process.o)
                0x000077b8                process_run
 .text.process_nevents
                0x0000785a        0xe contiki-sky.a(process.o)
                0x0000785a                process_nevents
 .text.process_post
                0x00007868       0x54 contiki-sky.a(process.o)
                0x00007868                process_post
 .text.process_post_synch
                0x000078bc       0x12 contiki-sky.a(process.o)
                0x000078bc                process_post_synch
 .text.process_start
                0x000078ce       0x32 contiki-sky.a(process.o)
                0x000078ce                process_start
 .text.process_poll
                0x00007900       0x18 contiki-sky.a(process.o)
                0x00007900                process_poll
 .text.autostart_start
                0x00007918       0x16 contiki-sky.a(autostart.o)
                0x00007918                autostart_start
 .text.memb_init
                0x0000792e       0x36 contiki-sky.a(memb.o)
                0x0000792e                memb_init
 .text.memb_alloc
                0x00007964       0x3e contiki-sky.a(memb.o)
                0x00007964                memb_alloc
 .text.memb_free
                0x000079a2       0x3a contiki-sky.a(memb.o)
                0x000079a2                memb_free
 .text.memb_inmemb
                0x000079dc       0x2e contiki-sky.a(memb.o)
                0x000079dc                memb_inmemb
 .text.timer_set
                0x00007a0a       0x1c contiki-sky.a(timer.o)
                0x00007a0a                timer_set
 .text.timer_reset
                0x00007a26        0xe contiki-sky.a(timer.o)
                0x00007a26                timer_reset
 .text.timer_restart
                0x00007a34       0x14 contiki-sky.a(timer.o)
                0x00007a34                timer_restart
 .text.timer_expired
                0x00007a48       0x2a contiki-sky.a(timer.o)
                0x00007a48                timer_expired
 .text.list_init
                0x00007a72        0x6 contiki-sky.a(list.o)
                0x00007a72                list_init
 .text.list_head
                0x00007a78        0x4 contiki-sky.a(list.o)
                0x00007a78                list_head
 .text.list_tail
                0x00007a7c       0x12 contiki-sky.a(list.o)
                0x00007a7c                list_tail
 .text.list_remove
                0x00007a8e       0x34 contiki-sky.a(list.o)
                0x00007a8e                list_remove
 .text.list_push
                0x00007ac2       0x1a contiki-sky.a(list.o)
                0x00007ac2                list_push
 .text.list_add
                0x00007adc       0x2a contiki-sky.a(list.o)
                0x00007adc                list_add
 .text.list_length
                0x00007b06       0x10 contiki-sky.a(list.o)
                0x00007b06                list_length
 .text.list_item_next
                0x00007b16        0xc contiki-sky.a(list.o)
                0x00007b16                list_item_next
 .text.update_time
                0x00007b22       0x78 contiki-sky.a(etimer.o)
 .text.etimer_request_poll
                0x00007b9a        0xa contiki-sky.a(etimer.o)
                0x00007b9a                etimer_request_poll
 .text.process_thread_etimer_process
                0x00007ba4       0xc8 contiki-sky.a(etimer.o)
 .text.add_timer
                0x00007c6c       0x40 contiki-sky.a(etimer.o)
 .text.etimer_set
                0x00007cac       0x12 contiki-sky.a(etimer.o)
                0x00007cac                etimer_set
 .text.etimer_reset
                0x00007cbe       0x12 contiki-sky.a(etimer.o)
                0x00007cbe                etimer_reset
 .text.etimer_restart
                0x00007cd0       0x12 contiki-sky.a(etimer.o)
                0x00007cd0                etimer_restart
 .text.etimer_expired
                0x00007ce2        0xe contiki-sky.a(etimer.o)
                0x00007ce2                etimer_expired
 .text.etimer_expiration_time
                0x00007cf0       0x14 contiki-sky.a(etimer.o)
                0x00007cf0                etimer_expiration_time
 .text.etimer_pending
                0x00007d04        0xc contiki-sky.a(etimer.o)
                0x00007d04                etimer_pending
 .text.etimer_next_expiration_time
                0x00007d10       0x16 contiki-sky.a(etimer.o)
                0x00007d10                etimer_next_expiration_time
 .text.etimer_stop
                0x00007d26       0x3c contiki-sky.a(etimer.o)
                0x00007d26                etimer_stop
 .text.process_thread_ctimer_process
                0x00007d62       0xa4 contiki-sky.a(ctimer.o)
 .text.ctimer_init
                0x00007e06       0x18 contiki-sky.a(ctimer.o)
                0x00007e06                ctimer_init
 .text.ctimer_set
                0x00007e1e       0x5a contiki-sky.a(ctimer.o)
                0x00007e1e                ctimer_set
 .text.ctimer_reset
                0x00007e78       0x3a contiki-sky.a(ctimer.o)
                0x00007e78                ctimer_reset
 .text.ctimer_stop
                0x00007eb2       0x28 contiki-sky.a(ctimer.o)
                0x00007eb2                ctimer_stop
 .text.energest_init
                0x00007eda       0x28 contiki-sky.a(energest.o)
                0x00007eda                energest_init
 .text.energest_type_time
                0x00007f02       0x46 contiki-sky.a(energest.o)
                0x00007f02                energest_type_time
 .text.energest_type_set
                0x00007f48        0xe contiki-sky.a(energest.o)
                0x00007f48                energest_type_set
 .text.energest_flush
                0x00007f56       0x48 contiki-sky.a(energest.o)
                0x00007f56                energest_flush
 .text.rtimer_init
                0x00007f9e        0x6 contiki-sky.a(rtimer.o)
                0x00007f9e                rtimer_init
 .text.rtimer_run_next
                0x00007fa4       0x26 contiki-sky.a(rtimer.o)
                0x00007fa4                rtimer_run_next
 .text.stimer_set
                0x00007fca       0x1c contiki-sky.a(stimer.o)
                0x00007fca                stimer_set
 .text.stimer_expired
                0x00007fe6       0x30 contiki-sky.a(stimer.o)
                0x00007fe6                stimer_expired
 .text.stimer_remaining
                0x00008016       0x28 contiki-sky.a(stimer.o)
                0x00008016                stimer_remaining
 .text.stimer_elapsed
                0x0000803e       0x12 contiki-sky.a(stimer.o)
                0x0000803e                stimer_elapsed
 .text.random_init
                0x00008050        0x6 contiki-sky.a(random.o)
                0x00008050                random_init
 .text.random_rand
                0x00008056        0x6 contiki-sky.a(random.o)
                0x00008056                random_rand
 .text.index_from_key
                0x0000805c       0x48 contiki-sky.a(nbr-table.o)
 .text.item_from_key
                0x000080a4       0x34 contiki-sky.a(nbr-table.o)
 .text.nbr_set_bit
                0x000080d8       0x8e contiki-sky.a(nbr-table.o)
 .text.index_from_lladdr
                0x00008166       0x42 contiki-sky.a(nbr-table.o)
 .text.nbr_get_bit.constprop.0
                0x000081a8       0x62 contiki-sky.a(nbr-table.o)
 .text.nbr_table_register
                0x0000820a       0x28 contiki-sky.a(nbr-table.o)
                0x0000820a                nbr_table_register
 .text.nbr_table_next
                0x00008232       0x90 contiki-sky.a(nbr-table.o)
                0x00008232                nbr_table_next
 .text.nbr_table_head
                0x000082c2       0x36 contiki-sky.a(nbr-table.o)
                0x000082c2                nbr_table_head
 .text.nbr_table_add_lladdr
                0x000082f8      0x144 contiki-sky.a(nbr-table.o)
                0x000082f8                nbr_table_add_lladdr
 .text.nbr_table_get_from_lladdr
                0x0000843c       0x48 contiki-sky.a(nbr-table.o)
                0x0000843c                nbr_table_get_from_lladdr
 .text.nbr_table_remove
                0x00008484       0x32 contiki-sky.a(nbr-table.o)
                0x00008484                nbr_table_remove
 .text.nbr_table_lock
                0x000084b6       0x10 contiki-sky.a(nbr-table.o)
                0x000084b6                nbr_table_lock
 .text.nbr_table_unlock
                0x000084c6       0x10 contiki-sky.a(nbr-table.o)
                0x000084c6                nbr_table_unlock
 .text.nbr_table_get_lladdr
                0x000084d6       0x5a contiki-sky.a(nbr-table.o)
                0x000084d6                nbr_table_get_lladdr
 .text.queuebuf_init
                0x00008530       0x1a contiki-sky.a(queuebuf.o)
                0x00008530                queuebuf_init
 .text.queuebuf_new_from_packetbuf
                0x0000854a       0x7e contiki-sky.a(queuebuf.o)
                0x0000854a                queuebuf_new_from_packetbuf
 .text.queuebuf_update_attr_from_packetbuf
                0x000085c8       0x12 contiki-sky.a(queuebuf.o)
                0x000085c8                queuebuf_update_attr_from_packetbuf
 .text.queuebuf_free
                0x000085da       0x40 contiki-sky.a(queuebuf.o)
                0x000085da                queuebuf_free
 .text.queuebuf_to_packetbuf
                0x0000861a       0x6e contiki-sky.a(queuebuf.o)
                0x0000861a                queuebuf_to_packetbuf
 .text.queuebuf_attr
                0x00008688        0xe contiki-sky.a(queuebuf.o)
                0x00008688                queuebuf_attr
 .text.set_packet_attrs
                0x00008696       0x44 contiki-sky.a(sicslowpan.o)
 .text.addr_context_lookup_by_number
                0x000086da       0x36 contiki-sky.a(sicslowpan.o)
 .text.compress_addr_64
                0x00008710       0xae contiki-sky.a(sicslowpan.o)
 .text.uncompress_addr
                0x000087be       0xb4 contiki-sky.a(sicslowpan.o)
 .text.input    0x00008872      0x642 contiki-sky.a(sicslowpan.o)
 .text.sicslowpan_init
                0x00008eb4       0x26 contiki-sky.a(sicslowpan.o)
                0x00008eb4                sicslowpan_init
 .text.addr_context_lookup_by_prefix
                0x00008eda       0x4c contiki-sky.a(sicslowpan.o)
 .text.send_packet
                0x00008f26       0x1a contiki-sky.a(sicslowpan.o)
 .text.output   0x00008f40      0x700 contiki-sky.a(sicslowpan.o)
 .text.packet_sent
                0x00009640       0x22 contiki-sky.a(sicslowpan.o)
 .text.start_periodic_tcp_timer
                0x00009662       0x16 contiki-sky.a(tcpip.o)
 .text.tcpip_output
                0x00009678       0x10 contiki-sky.a(tcpip.o)
                0x00009678                tcpip_output
 .text.tcpip_set_outputfunc
                0x00009688        0x6 contiki-sky.a(tcpip.o)
                0x00009688                tcpip_set_outputfunc
 .text.udp_new  0x0000968e       0x1a contiki-sky.a(tcpip.o)
                0x0000968e                udp_new
 .text.udp_broadcast_new
                0x000096a8       0x46 contiki-sky.a(tcpip.o)
                0x000096a8                udp_broadcast_new
 .text.tcpip_input
                0x000096ee       0x16 contiki-sky.a(tcpip.o)
                0x000096ee                tcpip_input
 .text.tcpip_ipv6_output
                0x00009704      0x1f2 contiki-sky.a(tcpip.o)
                0x00009704                tcpip_ipv6_output
 .text.process_thread_tcpip_process
                0x000098f6      0x1d0 contiki-sky.a(tcpip.o)
 .text.tcpip_uipcall
                0x00009ac6       0x72 contiki-sky.a(tcpip.o)
                0x00009ac6                tcpip_uipcall
 .text.call_route_callback
                0x00009b38       0x4c contiki-sky.a(uip-ds6-route.o)
 .text.uip_ds6_route_init
                0x00009b84       0x2e contiki-sky.a(uip-ds6-route.o)
                0x00009b84                uip_ds6_route_init
 .text.uip_ds6_route_nexthop
                0x00009bb2       0x1a contiki-sky.a(uip-ds6-route.o)
                0x00009bb2                uip_ds6_route_nexthop
 .text.uip_ds6_route_head
                0x00009bcc       0x28 contiki-sky.a(uip-ds6-route.o)
                0x00009bcc                uip_ds6_route_head
 .text.uip_ds6_route_next
                0x00009bf4       0x3a contiki-sky.a(uip-ds6-route.o)
                0x00009bf4                uip_ds6_route_next
 .text.uip_ds6_route_lookup
                0x00009c2e       0x5e contiki-sky.a(uip-ds6-route.o)
                0x00009c2e                uip_ds6_route_lookup
 .text.uip_ds6_route_add
                0x00009c8c       0xb4 contiki-sky.a(uip-ds6-route.o)
                0x00009c8c                uip_ds6_route_add
 .text.uip_ds6_route_rm
                0x00009d40       0x60 contiki-sky.a(uip-ds6-route.o)
                0x00009d40                uip_ds6_route_rm
 .text.rm_routelist
                0x00009da0       0x30 contiki-sky.a(uip-ds6-route.o)
 .text.rm_routelist_callback
                0x00009dd0        0x6 contiki-sky.a(uip-ds6-route.o)
 .text.uip_ds6_defrt_rm
                0x00009dd6       0x48 contiki-sky.a(uip-ds6-route.o)
                0x00009dd6                uip_ds6_defrt_rm
 .text.uip_ds6_defrt_lookup
                0x00009e1e       0x36 contiki-sky.a(uip-ds6-route.o)
                0x00009e1e                uip_ds6_defrt_lookup
 .text.uip_ds6_defrt_add
                0x00009e54       0x74 contiki-sky.a(uip-ds6-route.o)
                0x00009e54                uip_ds6_defrt_add
 .text.uip_ds6_defrt_choose
                0x00009ec8       0x3a contiki-sky.a(uip-ds6-route.o)
                0x00009ec8                uip_ds6_defrt_choose
 .text.uip_ds6_defrt_periodic
                0x00009f02       0x38 contiki-sky.a(uip-ds6-route.o)
                0x00009f02                uip_ds6_defrt_periodic
 .text.uip_ds6_nbr_rm
                0x00009f3a       0x24 contiki-sky.a(uip-ds6-nbr.o)
                0x00009f3a                uip_ds6_nbr_rm
 .text.uip_ds6_neighbors_init
                0x00009f5e        0xe contiki-sky.a(uip-ds6-nbr.o)
                0x00009f5e                uip_ds6_neighbors_init
 .text.uip_ds6_nbr_add
                0x00009f6c       0x6a contiki-sky.a(uip-ds6-nbr.o)
                0x00009f6c                uip_ds6_nbr_add
 .text.uip_ds6_nbr_get_ll
                0x00009fd6        0xc contiki-sky.a(uip-ds6-nbr.o)
                0x00009fd6                uip_ds6_nbr_get_ll
 .text.uip_ds6_nbr_num
                0x00009fe2       0x24 contiki-sky.a(uip-ds6-nbr.o)
                0x00009fe2                uip_ds6_nbr_num
 .text.uip_ds6_nbr_lookup
                0x0000a006       0x42 contiki-sky.a(uip-ds6-nbr.o)
                0x0000a006                uip_ds6_nbr_lookup
 .text.uip_ds6_nbr_ll_lookup
                0x0000a048        0xc contiki-sky.a(uip-ds6-nbr.o)
                0x0000a048                uip_ds6_nbr_ll_lookup
 .text.uip_ds6_nbr_ipaddr_from_lladdr
                0x0000a054        0x6 contiki-sky.a(uip-ds6-nbr.o)
                0x0000a054                uip_ds6_nbr_ipaddr_from_lladdr
 .text.uip_ds6_nbr_lladdr_from_ipaddr
                0x0000a05a       0x12 contiki-sky.a(uip-ds6-nbr.o)
                0x0000a05a                uip_ds6_nbr_lladdr_from_ipaddr
 .text.uip_ds6_link_neighbor_callback
                0x0000a06c       0x2a contiki-sky.a(uip-ds6-nbr.o)
                0x0000a06c                uip_ds6_link_neighbor_callback
 .text.uip_ds6_neighbor_periodic
                0x0000a096       0xfc contiki-sky.a(uip-ds6-nbr.o)
                0x0000a096                uip_ds6_neighbor_periodic
 .text.uip_ds6_list_loop
                0x0000a192       0x86 contiki-sky.a(uip-ds6.o)
                0x0000a192                uip_ds6_list_loop
 .text.uip_ds6_prefix_add
                0x0000a218       0x80 contiki-sky.a(uip-ds6.o)
                0x0000a218                uip_ds6_prefix_add
 .text.uip_ds6_is_addr_onlink
                0x0000a298       0x54 contiki-sky.a(uip-ds6.o)
                0x0000a298                uip_ds6_is_addr_onlink
 .text.uip_ds6_addr_lookup
                0x0000a2ec       0x2a contiki-sky.a(uip-ds6.o)
                0x0000a2ec                uip_ds6_addr_lookup
 .text.uip_ds6_get_link_local
                0x0000a316       0x3e contiki-sky.a(uip-ds6.o)
                0x0000a316                uip_ds6_get_link_local
 .text.uip_ds6_maddr_add
                0x0000a354       0x4c contiki-sky.a(uip-ds6.o)
                0x0000a354                uip_ds6_maddr_add
 .text.uip_ds6_addr_add
                0x0000a3a0       0xc4 contiki-sky.a(uip-ds6.o)
                0x0000a3a0                uip_ds6_addr_add
 .text.uip_ds6_maddr_lookup
                0x0000a464       0x2a contiki-sky.a(uip-ds6.o)
                0x0000a464                uip_ds6_maddr_lookup
 .text.uip_ds6_addr_rm
                0x0000a48e       0x54 contiki-sky.a(uip-ds6.o)
                0x0000a48e                uip_ds6_addr_rm
 .text.uip_ds6_set_addr_iid
                0x0000a4e2       0x14 contiki-sky.a(uip-ds6.o)
                0x0000a4e2                uip_ds6_set_addr_iid
 .text.get_match_length
                0x0000a4f6       0x3e contiki-sky.a(uip-ds6.o)
                0x0000a4f6                get_match_length
 .text.uip_ds6_select_src
                0x0000a534       0xaa contiki-sky.a(uip-ds6.o)
                0x0000a534                uip_ds6_select_src
 .text.uip_ds6_send_ra_sollicited
                0x0000a5de       0x3a contiki-sky.a(uip-ds6.o)
                0x0000a5de                uip_ds6_send_ra_sollicited
 .text.uip_ds6_send_ra_periodic
                0x0000a618       0x46 contiki-sky.a(uip-ds6.o)
                0x0000a618                uip_ds6_send_ra_periodic
 .text.uip_ds6_periodic
                0x0000a65e       0x60 contiki-sky.a(uip-ds6.o)
                0x0000a65e                uip_ds6_periodic
 .text.uip_ds6_compute_reachable_time
                0x0000a6be       0x3e contiki-sky.a(uip-ds6.o)
                0x0000a6be                uip_ds6_compute_reachable_time
 .text.uip_ds6_init
                0x0000a6fc      0x160 contiki-sky.a(uip-ds6.o)
                0x0000a6fc                uip_ds6_init
 .text.uip_icmp6_echo_request_input
                0x0000a85c      0x12c contiki-sky.a(uip-icmp6.o)
                0x0000a85c                uip_icmp6_echo_request_input
 .text.uip_icmp6_error_output
                0x0000a988      0x17a contiki-sky.a(uip-icmp6.o)
                0x0000a988                uip_icmp6_error_output
 .text.uip_icmp6_send
                0x0000ab02       0x96 contiki-sky.a(uip-icmp6.o)
                0x0000ab02                uip_icmp6_send
 .text.create_llao
                0x0000ab98       0x2c contiki-sky.a(uip-nd6.o)
 .text.uip_nd6_ns_input
                0x0000abc4      0x230 contiki-sky.a(uip-nd6.o)
                0x0000abc4                uip_nd6_ns_input
 .text.uip_nd6_ns_output
                0x0000adf4      0x158 contiki-sky.a(uip-nd6.o)
                0x0000adf4                uip_nd6_ns_output
 .text.uip_nd6_na_input
                0x0000af4c      0x1fe contiki-sky.a(uip-nd6.o)
                0x0000af4c                uip_nd6_na_input
 .text.uip_nd6_rs_input
                0x0000b14a      0x14c contiki-sky.a(uip-nd6.o)
                0x0000b14a                uip_nd6_rs_input
 .text.uip_nd6_ra_output
                0x0000b296      0x140 contiki-sky.a(uip-nd6.o)
                0x0000b296                uip_nd6_ra_output
 .text.packet_timedout
                0x0000b3d6       0x16 contiki-sky.a(uip-packetqueue)
 .text.uip_packetqueue_new
                0x0000b3ec        0x6 contiki-sky.a(uip-packetqueue)
                0x0000b3ec                uip_packetqueue_new
 .text.uip_packetqueue_alloc
                0x0000b3f2       0x44 contiki-sky.a(uip-packetqueue)
                0x0000b3f2                uip_packetqueue_alloc
 .text.uip_packetqueue_free
                0x0000b436       0x24 contiki-sky.a(uip-packetqueue)
                0x0000b436                uip_packetqueue_free
 .text.uip_packetqueue_buf
                0x0000b45a        0xe contiki-sky.a(uip-packetqueue)
                0x0000b45a                uip_packetqueue_buf
 .text.uip_packetqueue_buflen
                0x0000b468       0x10 contiki-sky.a(uip-packetqueue)
                0x0000b468                uip_packetqueue_buflen
 .text.uip_packetqueue_set_buflen
                0x0000b478        0xc contiki-sky.a(uip-packetqueue)
                0x0000b478                uip_packetqueue_set_buflen
 .text.uip_udp_packet_send
                0x0000b484       0x2e contiki-sky.a(uip-udp-packet.)
                0x0000b484                uip_udp_packet_send
 .text.uip_udp_packet_sendto
                0x0000b4b2       0x66 contiki-sky.a(uip-udp-packet.)
                0x0000b4b2                uip_udp_packet_sendto
 .text.chksum   0x0000b518       0x32 contiki-sky.a(uip6.o)
 .text.upper_layer_chksum
                0x0000b54a       0x56 contiki-sky.a(uip6.o)
 .text.ext_hdr_options_process
                0x0000b5a0       0xda contiki-sky.a(uip6.o)
 .text.uip_add32
                0x0000b67a       0x68 contiki-sky.a(uip6.o)
                0x0000b67a                uip_add32
 .text.unlikely.uip_add_rcv_nxt
                0x0000b6e2       0x2e contiki-sky.a(uip6.o)
 .text.uip_icmp6chksum
                0x0000b710        0xa contiki-sky.a(uip6.o)
                0x0000b710                uip_icmp6chksum
 .text.uip_tcpchksum
                0x0000b71a        0xa contiki-sky.a(uip6.o)
                0x0000b71a                uip_tcpchksum
 .text.uip_udpchksum
                0x0000b724        0xa contiki-sky.a(uip6.o)
                0x0000b724                uip_udpchksum
 .text.uip_init
                0x0000b72e       0x72 contiki-sky.a(uip6.o)
                0x0000b72e                uip_init
 .text.remove_ext_hdr
                0x0000b7a0       0x5a contiki-sky.a(uip6.o)
                0x0000b7a0                remove_ext_hdr
 .text.uip_udp_new
                0x0000b7fa       0xf4 contiki-sky.a(uip6.o)
                0x0000b7fa                uip_udp_new
 .text.uip_unlisten
                0x0000b8ee       0x2a contiki-sky.a(uip6.o)
                0x0000b8ee                uip_unlisten
 .text.uip_process
                0x0000b918      0xecc contiki-sky.a(uip6.o)
                0x0000b918                uip_process
 .text.uip_htons
                0x0000c7e4        0xc contiki-sky.a(uip6.o)
                0x0000c7e4                uip_htons
 .text.uip_htonl
                0x0000c7f0       0x2e contiki-sky.a(uip6.o)
                0x0000c7f0                uip_htonl
 .text.init_platform
                0x0000c81e        0xc contiki-sky.a(contiki-sky-pla)
                0x0000c81e                init_platform
 .text.status   0x0000c82a       0x16 contiki-sky.a(button-sensor.o)
 .text.configure
                0x0000c840       0x52 contiki-sky.a(button-sensor.o)
 .text.value    0x0000c892       0x22 contiki-sky.a(button-sensor.o)
 .text.irq_p2   0x0000c8b4       0x8a contiki-sky.a(button-sensor.o)
                0x0000c8b4                irq_p2
                0x0000c8b4                __isr_1
 .text.owreadb  0x0000c93e       0x52 contiki-sky.a(ds2411.o)
 .text.ds2411_init
                0x0000c990      0x122 contiki-sky.a(ds2411.o)
                0x0000c990                ds2411_init
 .text.wait_ready
                0x0000cab2       0x50 contiki-sky.a(xmem.o)
 .text.xmem_init
                0x0000cb02       0x3e contiki-sky.a(xmem.o)
                0x0000cb02                xmem_init
 .text.xmem_pread
                0x0000cb40       0xea contiki-sky.a(xmem.o)
                0x0000cb40                xmem_pread
 .text.node_id_restore
                0x0000cc2a       0x38 contiki-sky.a(node-id.o)
                0x0000cc2a                node_id_restore
 .text.process_thread_sensors_process
                0x0000cc62       0xbe contiki-sky.a(sensors.o)
 .text.sensors_changed
                0x0000cd20       0x2a contiki-sky.a(sensors.o)
                0x0000cd20                sensors_changed
 .text.strobe   0x0000cd4a       0x20 contiki-sky.a(cc2420.o)
 .text.status   0x0000cd6a       0x26 contiki-sky.a(cc2420.o)
 .text.getreg   0x0000cd90       0x54 contiki-sky.a(cc2420.o)
 .text.cc2420_receiving_packet
                0x0000cde4        0xe contiki-sky.a(cc2420.o)
 .text.pending_packet
                0x0000cdf2        0x8 contiki-sky.a(cc2420.o)
 .text.on       0x0000cdfa       0x40 contiki-sky.a(cc2420.o)
 .text.flushrx  0x0000ce3a       0x7a contiki-sky.a(cc2420.o)
 .text.off      0x0000ceb4       0x72 contiki-sky.a(cc2420.o)
 .text.RELEASE_LOCK
                0x0000cf26       0x28 contiki-sky.a(cc2420.o)
 .text.cc2420_prepare
                0x0000cf4e       0x8a contiki-sky.a(cc2420.o)
 .text.getrxdata
                0x0000cfd8       0x56 contiki-sky.a(cc2420.o)
 .text.cc2420_on
                0x0000d02e       0x22 contiki-sky.a(cc2420.o)
                0x0000d02e                cc2420_on
 .text.cc2420_off
                0x0000d050       0x30 contiki-sky.a(cc2420.o)
                0x0000d050                cc2420_off
 .text.cc2420_cca
                0x0000d080       0x74 contiki-sky.a(cc2420.o)
 .text.cc2420_read
                0x0000d0f4       0xe6 contiki-sky.a(cc2420.o)
 .text.process_thread_cc2420_process
                0x0000d1da       0x50 contiki-sky.a(cc2420.o)
 .text.setreg   0x0000d22a       0x52 contiki-sky.a(cc2420.o)
                0x0000d22a                setreg
 .text.set_txpower
                0x0000d27c       0x26 contiki-sky.a(cc2420.o)
 .text.cc2420_set_channel
                0x0000d2a2       0x78 contiki-sky.a(cc2420.o)
                0x0000d2a2                cc2420_set_channel
 .text.cc2420_set_pan_addr
                0x0000d31a      0x14a contiki-sky.a(cc2420.o)
                0x0000d31a                cc2420_set_pan_addr
 .text.cc2420_init
                0x0000d464       0xd0 contiki-sky.a(cc2420.o)
                0x0000d464                cc2420_init
 .text.cc2420_interrupt
                0x0000d534       0x20 contiki-sky.a(cc2420.o)
                0x0000d534                cc2420_interrupt
 .text.cc2420_get_txpower
                0x0000d554       0x1e contiki-sky.a(cc2420.o)
                0x0000d554                cc2420_get_txpower
 .text.cc2420_transmit
                0x0000d572      0x1a0 contiki-sky.a(cc2420.o)
 .text.cc2420_send
                0x0000d712       0x12 contiki-sky.a(cc2420.o)
 .text.cc2420_port1_interrupt
                0x0000d724       0x62 contiki-sky.a(cc2420-arch.o)
                0x0000d724                __isr_4
                0x0000d724                cc2420_port1_interrupt
 .text.cc2420_arch_init
                0x0000d786       0x1a contiki-sky.a(cc2420-arch.o)
                0x0000d786                cc2420_arch_init
 .text.uart1_active
                0x0000d7a0       0x1a contiki-sky.a(uart1.o)
                0x0000d7a0                uart1_active
 .text.uart1_writeb
                0x0000d7ba       0x1a contiki-sky.a(uart1.o)
                0x0000d7ba                uart1_writeb
 .text.uart1_init
                0x0000d7d4       0xf6 contiki-sky.a(uart1.o)
                0x0000d7d4                uart1_init
 .text.putchar  0x0000d8ca       0x10 contiki-sky.a(uart1-putchar.o)
                0x0000d8ca                putchar
 .text.msp430_init_dco
                0x0000d8da       0x84 contiki-sky.a(msp430.o)
                0x0000d8da                msp430_init_dco
 .text.msp430_add_lpm_req
                0x0000d95e        0xc contiki-sky.a(msp430.o)
                0x0000d95e                msp430_add_lpm_req
 .text.msp430_cpu_init
                0x0000d96a       0x2a contiki-sky.a(msp430.o)
                0x0000d96a                msp430_cpu_init
 .text.splhigh_
                0x0000d994        0x8 contiki-sky.a(msp430.o)
                0x0000d994                splhigh_
 .text.msp430_sync_dco
                0x0000d99c       0x68 contiki-sky.a(msp430.o)
                0x0000d99c                msp430_sync_dco
 .text.timera1  0x0000da04       0xfe contiki-sky.a(clock.o)
                0x0000da04                __isr_5
                0x0000da04                timera1
 .text.clock_time
                0x0000db02       0x1a contiki-sky.a(clock.o)
                0x0000db02                clock_time
 .text.clock_init
                0x0000db1c       0x28 contiki-sky.a(clock.o)
                0x0000db1c                clock_init
 .text.clock_delay
                0x0000db44        0xc contiki-sky.a(clock.o)
                0x0000db44                clock_delay
 .text.clock_seconds
                0x0000db50       0x1a contiki-sky.a(clock.o)
                0x0000db50                clock_seconds
 .text.show_leds
                0x0000db6a      0x100 contiki-sky.a(leds.o)
 .text.leds_init
                0x0000dc6a        0xe contiki-sky.a(leds.o)
                0x0000dc6a                leds_init
 .text.leds_on  0x0000dc78       0x14 contiki-sky.a(leds.o)
                0x0000dc78                leds_on
 .text.leds_off
                0x0000dc8c       0x14 contiki-sky.a(leds.o)
                0x0000dc8c                leds_off
 .text.leds_arch_init
                0x0000dca0        0xe contiki-sky.a(leds-arch.o)
                0x0000dca0                leds_arch_init
 .text.leds_arch_set
                0x0000dcae       0x3a contiki-sky.a(leds-arch.o)
                0x0000dcae                leds_arch_set
 .text.watchdog_interrupt
                0x0000dce8        0x6 contiki-sky.a(watchdog.o)
                0x0000dce8                __isr_10
                0x0000dce8                watchdog_interrupt
 .text.watchdog_start
                0x0000dcee       0x14 contiki-sky.a(watchdog.o)
                0x0000dcee                watchdog_start
 .text.watchdog_periodic
                0x0000dd02       0x12 contiki-sky.a(watchdog.o)
                0x0000dd02                watchdog_periodic
 .text.watchdog_stop
                0x0000dd14       0x16 contiki-sky.a(watchdog.o)
                0x0000dd14                watchdog_stop
 .text.watchdog_init
                0x0000dd2a       0x14 contiki-sky.a(watchdog.o)
                0x0000dd2a                watchdog_init
 .text.rtimer_arch_init
                0x0000dd3e        0xe contiki-sky.a(rtimer-arch.o)
                0x0000dd3e                rtimer_arch_init
 .text.rtimer_arch_now
                0x0000dd4c        0xe contiki-sky.a(rtimer-arch.o)
                0x0000dd4c                rtimer_arch_now
 .text.timera0  0x0000dd5a       0x70 contiki-sky.a(rtimer-arch.o)
                0x0000dd5a                __isr_6
                0x0000dd5a                timera0
 .text.rtimer_arch_schedule
                0x0000ddca        0x6 contiki-sky.a(rtimer-arch.o)
                0x0000ddca                rtimer_arch_schedule
 .text.field_len
                0x0000ddd0       0x98 contiki-sky.a(frame802154.o)
 .text.frame802154_hdrlen
                0x0000de68       0x2e contiki-sky.a(frame802154.o)
                0x0000de68                frame802154_hdrlen
 .text.frame802154_create
                0x0000de96      0x172 contiki-sky.a(frame802154.o)
                0x0000de96                frame802154_create
 .text.frame802154_parse
                0x0000e008      0x1e8 contiki-sky.a(frame802154.o)
                0x0000e008                frame802154_parse
 .text.mac_call_sent_callback
                0x0000e1f0       0x14 contiki-sky.a(mac.o)
                0x0000e1f0                mac_call_sent_callback
 .text.parse    0x0000e204       0xaa contiki-sky.a(framer-802154.o)
 .text.create   0x0000e2ae      0x10e contiki-sky.a(framer-802154.o)
 .text.rpl_verify_header
                0x0000e3bc       0xbc contiki-sky.a(rpl-ext-header.)
                0x0000e3bc                rpl_verify_header
 .text.rpl_update_header_empty
                0x0000e478       0xf0 contiki-sky.a(rpl-ext-header.)
                0x0000e478                rpl_update_header_empty
 .text.rpl_update_header_final
                0x0000e568       0x86 contiki-sky.a(rpl-ext-header.)
                0x0000e568                rpl_update_header_final
 .text.rpl_invert_header
                0x0000e5ee       0x4c contiki-sky.a(rpl-ext-header.)
                0x0000e5ee                rpl_invert_header
 .text.rpl_insert_header
                0x0000e63a       0x1c contiki-sky.a(rpl-ext-header.)
                0x0000e63a                rpl_insert_header
 .text.spi_init
                0x0000e656       0x32 contiki-sky.a(spi.o)
                0x0000e656                spi_init
 .text.libgcc   0x0000e688       0x2c /usr/lib/gcc/msp430/4.6.3/mmpy-16/libgcc.a(_mulsi3.o)
                0x0000e688                __mulsi3
 .text.libgcc   0x0000e6b4       0x22 /usr/lib/gcc/msp430/4.6.3/mmpy-16/libgcc.a(_udivmod16.o)
                0x0000e6b4                __udivhi3
                0x0000e6b4                __ext_udivmod16
                0x0000e6ce                __umodhi3
 .text.libgcc   0x0000e6d6       0x3a /usr/lib/gcc/msp430/4.6.3/mmpy-16/libgcc.a(_divmod16.o)
                0x0000e6d6                __ext_divmod16
                0x0000e6d6                __divhi3
                0x0000e708                __modhi3
 .text.libgcc   0x0000e710       0x40 /usr/lib/gcc/msp430/4.6.3/mmpy-16/libgcc.a(_udivmod32.o)
                0x0000e710                __udivsi3
                0x0000e710                __ext_udivmod32
                0x0000e746                __umodsi3
 .text          0x0000e750       0x20 /usr/lib/gcc/msp430/4.6.3/../../../../msp430/lib/mmpy-16/libc.a(memcmp.o)
                0x0000e750                memcmp
 .text          0x0000e770       0xfa /usr/lib/gcc/msp430/4.6.3/../../../../msp430/lib/mmpy-16/libc.a(memcpy.o)
                0x0000e770                memcpy
 .text          0x0000e86a       0xfa /usr/lib/gcc/msp430/4.6.3/../../../../msp430/lib/mmpy-16/libc.a(memmove.o)
                0x0000e86a                memmove
 .text          0x0000e964       0x6a /usr/lib/gcc/msp430/4.6.3/../../../../msp430/lib/mmpy-16/libc.a(memset.o)
                0x0000e964                memset
 .text          0x0000e9ce       0x1e /usr/lib/gcc/msp430/4.6.3/../../../../msp430/lib/mmpy-16/libc.a(printf.o)
                0x0000e9ce                printf
                0x0000e9de                vprintf
 .text          0x0000e9ec      0x836 /usr/lib/gcc/msp430/4.6.3/../../../../msp430/lib/mmpy-16/libc.a(vuprintf.o)
                0x0000eb84                vuprintf
 .text          0x0000f222       0x2c /usr/lib/gcc/msp430/4.6.3/../../../../msp430/lib/mmpy-16/libc.a(puts.o)
                0x0000f222                puts
 .text          0x0000f24e       0x54 /usr/lib/gcc/msp430/4.6.3/../../../../msp430/lib/mmpy-16/libc.a(rand.o)
                0x0000f24e                rand_r
                0x0000f272                rand
                0x0000f298                srand
 .text.libgcc   0x0000f2a2       0xf0 /usr/lib/gcc/msp430/4.6.3/mmpy-16/libgcc.a(_udivmod64.o)
                0x0000f2a2                __xabi_udivmod64
                0x0000f300                __udivdi3
                0x0000f326                __umoddi3
                0x0000f354                __udivmoddi4
 .text.crt0     0x0000f392        0x2 /usr/lib/gcc/msp430/4.6.3/mmpy-16/libcrt0.a(_unexpected_.o)
                0x0000f392                _unexpected_
                0x0000f394                . = ALIGN (0x2)

.rodata         0x0000f394      0x466
                0x0000f394                . = ALIGN (0x2)
 *(.rodata .rodata.* .gnu.linkonce.r.*)
 .rodata        0x0000f394      0x26c 2.co
                0x0000f5e8                autostart_processes
 .rodata        0x0000f600      0x10b obj_sky/contiki-sky-main.o
 *fill*         0x0000f70b        0x1 00
 .rodata        0x0000f70c        0x8 contiki-sky.a(rimeaddr.o)
                0x0000f70c                rimeaddr_null
 .rodata        0x0000f714       0x1c contiki-sky.a(sicslowmac.o)
                0x0000f720                sicslowmac_driver
 .rodata        0x0000f730       0x14 contiki-sky.a(csma.o)
                0x0000f736                csma_driver
 .rodata        0x0000f744        0xc contiki-sky.a(etimer.o)
 .rodata        0x0000f750        0xf contiki-sky.a(ctimer.o)
 *fill*         0x0000f75f        0x1 00
 .rodata        0x0000f760       0x24 contiki-sky.a(sicslowpan.o)
                0x0000f76c                sicslowpan_driver
                0x0000f772                llprefix
                0x0000f774                unc_mxconf
                0x0000f778                unc_ctxconf
                0x0000f77c                unc_llconf
 .rodata        0x0000f784        0xd contiki-sky.a(tcpip.o)
 *fill*         0x0000f791        0x1 00
 .rodata        0x0000f792       0x20 contiki-sky.a(uip6.o)
 .rodata        0x0000f7b2       0x10 contiki-sky.a(button-sensor.o)
                0x0000f7ba                button_sensor
 .rodata        0x0000f7c2        0x8 contiki-sky.a(sensors.o)
 .rodata        0x0000f7ca       0x22 contiki-sky.a(cc2420.o)
                0x0000f7ca                cc2420_driver
 .rodata        0x0000f7ec        0x2 contiki-sky.a(frame802154.o)
 .rodata        0x0000f7ee        0x4 contiki-sky.a(framer-802154.o)
                0x0000f7ee                framer_802154
 .rodata        0x0000f7f2        0x7 /usr/lib/gcc/msp430/4.6.3/../../../../msp430/lib/mmpy-16/libc.a(vuprintf.o)
                0x0000f7fa                . = ALIGN (0x2)
 *fill*         0x0000f7f9        0x1 00
                0x0000f7fa                _etext = .

.data           0x00001100       0xee load address 0x0000f7fa
                0x00001100                . = ALIGN (0x2)
                0x00001100                PROVIDE (__data_start, .)
 *(.data .data.* .gnu.linkonce.d.*)
 .data          0x00001100       0x40 2.co
                0x00001100                monitor_process
                0x0000110a                sendfpacket_process
                0x00001114                sendrssi_process
                0x0000111e                sendpacket_process
                0x00001128                udp_client_process
 .data          0x00001140       0x18 contiki-sky.a(csma.o)
 .data          0x00001158        0x1 contiki-sky.a(rpl-icmp6.o)
 *fill*         0x00001159        0x1 00
 .data          0x0000115a        0xe contiki-sky.a(rpl-mrhof.o)
                0x0000115a                rpl_mrhof
 .data          0x00001168        0xa contiki-sky.a(etimer.o)
                0x00001168                etimer_process
 .data          0x00001172        0xa contiki-sky.a(ctimer.o)
                0x00001172                ctimer_process
 .data          0x0000117c        0x8 contiki-sky.a(nbr-table.o)
 .data          0x00001184       0x18 contiki-sky.a(queuebuf.o)
 .data          0x0000119c        0xa contiki-sky.a(tcpip.o)
                0x0000119c                tcpip_process
 .data          0x000011a6       0x18 contiki-sky.a(uip-ds6-route.o)
 .data          0x000011be        0xa contiki-sky.a(uip-ds6-nbr.o)
                0x000011be                ds6_neighbors
 .data          0x000011c8        0x8 contiki-sky.a(uip-packetqueue)
 .data          0x000011d0        0x4 contiki-sky.a(contiki-sky-pla)
                0x000011d0                sensors
 .data          0x000011d4        0xa contiki-sky.a(sensors.o)
                0x000011d4                sensors_process
 .data          0x000011de        0xa contiki-sky.a(cc2420.o)
                0x000011de                cc2420_process
 .data          0x000011e8        0x2 contiki-sky.a(msp430.o)
 .data          0x000011ea        0x4 /usr/lib/gcc/msp430/4.6.3/../../../../msp430/lib/mmpy-16/libc.a(rand.o)
                0x000011ee                . = ALIGN (0x2)
                0x000011ee                _edata = .
                0x0000f7fa                PROVIDE (__data_load_start, LOADADDR (.data))
                0x000000ee                PROVIDE (__data_size, SIZEOF (.data))

.bss            0x000011ee     0x1d2c load address 0x0000f8e8
                0x000011ee                PROVIDE (__bss_start, .)
 *(.bss .bss.*)
 .bss           0x000011ee      0x1fc 2.co
                0x000011ee                monitor_target
 .bss           0x000013ea        0xc obj_sky/contiki-sky-main.o
 .bss           0x000013f6       0xbc contiki-sky.a(sicslowmac.o)
 .bss           0x000014b2       0xc2 contiki-sky.a(csma.o)
 .bss           0x00001574       0x18 contiki-sky.a(rpl-timers.o)
 .bss           0x0000158c       0x42 contiki-sky.a(process.o)
                0x0000158c                process_current
                0x0000158e                process_list
 .bss           0x000015ce        0x6 contiki-sky.a(etimer.o)
 .bss           0x000015d4        0x4 contiki-sky.a(ctimer.o)
 .bss           0x000015d8        0x2 contiki-sky.a(rtimer.o)
 .bss           0x000015da      0x118 contiki-sky.a(nbr-table.o)
 .bss           0x000016f2      0x71e contiki-sky.a(queuebuf.o)
 .bss           0x00001e10      0x122 contiki-sky.a(sicslowpan.o)
 .bss           0x00001f32       0x36 contiki-sky.a(tcpip.o)
 .bss           0x00001f68      0x398 contiki-sky.a(uip-ds6-route.o)
 .bss           0x00002300      0x2f8 contiki-sky.a(uip-ds6-nbr.o)
 .bss           0x000025f8       0x1c contiki-sky.a(uip-ds6.o)
 .bss           0x00002614       0x10 contiki-sky.a(uip-icmp6.o)
 .bss           0x00002624        0xa contiki-sky.a(uip-nd6.o)
 .bss           0x0000262e      0x216 contiki-sky.a(uip-packetqueue)
 .bss           0x00002844       0x12 contiki-sky.a(uip6.o)
                0x00002844                uip_ext_opt_offset
                0x00002846                uip_ext_len
                0x00002848                uip_ext_bitmap
 .bss           0x00002856        0x8 contiki-sky.a(button-sensor.o)
 .bss           0x0000285e        0x8 contiki-sky.a(node-id.o)
                0x0000285e                node_loc_z
                0x00002860                node_loc_y
                0x00002862                node_loc_x
                0x00002864                node_id
 .bss           0x00002866        0x6 contiki-sky.a(sensors.o)
 .bss           0x0000286c        0xa contiki-sky.a(cc2420.o)
 .bss           0x00002876       0x9a contiki-sky.a(uart1.o)
 .bss           0x00002910        0xa contiki-sky.a(clock.o)
 .bss           0x0000291a        0x2 contiki-sky.a(leds.o)
 .bss           0x0000291c        0x2 contiki-sky.a(watchdog.o)
 .bss           0x0000291e        0x2 contiki-sky.a(framer-802154.o)
 *(COMMON)
 COMMON         0x00002920       0xbe 2.co
                0x00002920                default_instance
                0x00002922                instance_table
 COMMON         0x000029de        0x8 contiki-sky.a(rimeaddr.o)
                0x000029de                rimeaddr_node_addr
 COMMON         0x000029e6       0x50 contiki-sky.a(sicslowmac.o)
                0x000029e6                packetbuf_addrs
                0x00002a06                packetbuf_attrs
 COMMON         0x00002a36        0x1 contiki-sky.a(process.o)
                0x00002a36                process_maxevents
 *fill*         0x00002a37        0x1 00
 COMMON         0x00002a38       0x56 contiki-sky.a(energest.o)
                0x00002a38                energest_total_time
                0x00002a68                energest_total_count
                0x00002a6a                energest_current_mode
                0x00002a76                energest_current_time
 COMMON         0x00002a8e        0x8 contiki-sky.a(sicslowpan.o)
                0x00002a8e                frag_sender
 COMMON         0x00002a96        0x1 contiki-sky.a(tcpip.o)
                0x00002a96                tcpip_event
 *fill*         0x00002a97        0x1 00
 COMMON         0x00002a98      0x15c contiki-sky.a(uip-ds6.o)
                0x00002a98                uip_ds6_timer_ra
                0x00002aa0                uip_ds6_if
                0x00002b8c                uip_ds6_netif_addr_list_offset
                0x00002b8d                uip_ds6_addr_size
                0x00002b8e                uip_ds6_prefix_list
                0x00002be8                uip_ds6_timer_periodic
 COMMON         0x00002bf4      0x304 contiki-sky.a(uip6.o)
                0x00002bf4                uip_len
                0x00002bf6                uip_sappdata
                0x00002bf8                uip_acc32
                0x00002bfc                uip_lladdr
                0x00002c04                uip_aligned_buf
                0x00002cf4                uip_flags
                0x00002cf6                uip_next_hdr
                0x00002cf8                uip_udp_conn
                0x00002cfa                uip_appdata
                0x00002cfc                uip_conn
                0x00002cfe                uip_conns
                0x00002dae                uip_listenports
                0x00002dbe                uip_slen
                0x00002dc0                uip_udp_conns
 COMMON         0x00002ef8        0x2 contiki-sky.a(contiki-sky-pla)
                0x00002ef8                sensors_flags
 COMMON         0x00002efa        0x8 contiki-sky.a(ds2411.o)
                0x00002efa                ds2411_id
 COMMON         0x00002f02        0x1 contiki-sky.a(sensors.o)
                0x00002f02                sensors_event
 *fill*         0x00002f03        0x1 00
 COMMON         0x00002f04       0x14 contiki-sky.a(cc2420.o)
                0x00002f04                cc2420_last_rssi
                0x00002f06                cc2420_packets_read
                0x00002f08                cc2420_packets_seen
                0x00002f0a                cc2420_sfd_start_time
                0x00002f0c                cc2420_time_of_departure
                0x00002f0e                cc2420_time_of_arrival
                0x00002f10                cc2420_last_correlation
                0x00002f12                cc2420_authority_level_of_sender
                0x00002f14                cc2420_sfd_counter
                0x00002f16                cc2420_sfd_end_time
 COMMON         0x00002f18        0x2 contiki-sky.a(msp430.o)
                0x00002f18                msp430_dco_required
                0x00002f1a                . = ALIGN (0x2)
                0x00002f1a                PROVIDE (__bss_end, .)
                0x00001d2c                PROVIDE (__bss_size, SIZEOF (.bss))

.noinit         0x00002f1a        0x2 load address 0x0000f8e8
                0x00002f1a                PROVIDE (__noinit_start, .)
 *(.noinit .noinit.*)
 .noinit.crt0   0x00002f1a        0x2 /usr/lib/gcc/msp430/4.6.3/mmpy-16/libcrt0.a(__watchdog_support.o)
                0x00002f1a                __wdt_clear_value
                0x00002f1c                . = ALIGN (0x2)
                0x00002f1c                PROVIDE (__noinit_end, .)
                0x00002f1c                . = ALIGN (0x2)
                0x00002f1c                _end = .

.infomem        0x00001000        0x0
 *(.infomem)
                0x00001000                . = ALIGN (0x2)
 *(.infomem.*)

.infomemnobits  0x00001000        0x0
 *(.infomemnobits)
                0x00001000                . = ALIGN (0x2)
 *(.infomemnobits.*)

.infoa
 *(.infoa .infoa.*)

.infob
 *(.infob .infob.*)

.infoc
 *(.infoc .infoc.*)

.infod
 *(.infod .infod.*)

.vectors        0x0000ffe0       0x20
                0x0000ffe0                PROVIDE (__vectors_start, .)
 *(.vectors*)
 .vectors       0x0000ffe0       0x20 /usr/lib/gcc/msp430/4.6.3/mmpy-16/crt0ivtbl16.o
                0x0000ffe0                __ivtbl_16
                0x00010000                _vectors_end = .

.fartext        0x00000000        0x0
                0x00000000                . = ALIGN (0x2)
 *(.fartext)
                0x00000000                . = ALIGN (0x2)
 *(.fartext.*)
                0x00000000                _efartext = .

.profiler
 *(.profiler)

.stab
 *(.stab)

.stabstr
 *(.stabstr)

.stab.excl
 *(.stab.excl)

.stab.exclstr
 *(.stab.exclstr)

.stab.index
 *(.stab.index)

.stab.indexstr
 *(.stab.indexstr)

.comment
 *(.comment)

.debug
 *(.debug)

.line
 *(.line)

.debug_srcinfo
 *(.debug_srcinfo)

.debug_sfnames
 *(.debug_sfnames)

.debug_aranges  0x00000000      0x190
 *(.debug_aranges)
 .debug_aranges
                0x00000000       0x14 /usr/lib/gcc/msp430/4.6.3/mmpy-16/libgcc.a(_mulsi3.o)
 .debug_aranges
                0x00000014       0x14 /usr/lib/gcc/msp430/4.6.3/mmpy-16/libgcc.a(_udivmod16.o)
 .debug_aranges
                0x00000028       0x14 /usr/lib/gcc/msp430/4.6.3/mmpy-16/libgcc.a(_divmod16.o)
 .debug_aranges
                0x0000003c       0x14 /usr/lib/gcc/msp430/4.6.3/mmpy-16/libgcc.a(_udivmod32.o)
 .debug_aranges
                0x00000050       0x14 /usr/lib/gcc/msp430/4.6.3/../../../../msp430/lib/mmpy-16/libc.a(strncmp.o)
 .debug_aranges
                0x00000064       0x14 /usr/lib/gcc/msp430/4.6.3/../../../../msp430/lib/mmpy-16/libc.a(memcmp.o)
 .debug_aranges
                0x00000078       0x14 /usr/lib/gcc/msp430/4.6.3/../../../../msp430/lib/mmpy-16/libc.a(memcpy.o)
 .debug_aranges
                0x0000008c       0x14 /usr/lib/gcc/msp430/4.6.3/../../../../msp430/lib/mmpy-16/libc.a(memmove.o)
 .debug_aranges
                0x000000a0       0x14 /usr/lib/gcc/msp430/4.6.3/../../../../msp430/lib/mmpy-16/libc.a(memset.o)
 .debug_aranges
                0x000000b4       0x14 /usr/lib/gcc/msp430/4.6.3/../../../../msp430/lib/mmpy-16/libc.a(printf.o)
 .debug_aranges
                0x000000c8       0x14 /usr/lib/gcc/msp430/4.6.3/../../../../msp430/lib/mmpy-16/libc.a(vuprintf.o)
 .debug_aranges
                0x000000dc       0x14 /usr/lib/gcc/msp430/4.6.3/../../../../msp430/lib/mmpy-16/libc.a(puts.o)
 .debug_aranges
                0x000000f0       0x14 /usr/lib/gcc/msp430/4.6.3/../../../../msp430/lib/mmpy-16/libc.a(rand.o)
 .debug_aranges
                0x00000104       0x14 /usr/lib/gcc/msp430/4.6.3/mmpy-16/libgcc.a(_udivmod64.o)
 .debug_aranges
                0x00000118       0x14 /usr/lib/gcc/msp430/4.6.3/mmpy-16/libcrt0.a(__watchdog_support.o)
 .debug_aranges
                0x0000012c       0x14 /usr/lib/gcc/msp430/4.6.3/mmpy-16/libcrt0.a(__init_stack.o)
 .debug_aranges
                0x00000140       0x14 /usr/lib/gcc/msp430/4.6.3/mmpy-16/libcrt0.a(_copy_data.o)
 .debug_aranges
                0x00000154       0x14 /usr/lib/gcc/msp430/4.6.3/mmpy-16/libcrt0.a(_clear_bss.o)
 .debug_aranges
                0x00000168       0x14 /usr/lib/gcc/msp430/4.6.3/mmpy-16/libcrt0.a(_endless_loop__.o)
 .debug_aranges
                0x0000017c       0x14 /usr/lib/gcc/msp430/4.6.3/mmpy-16/libcrt0.a(_unexpected_.o)

.debug_pubnames
 *(.debug_pubnames)

.debug_info     0x00000000     0x1584
 *(.debug_info)
 .debug_info    0x00000000       0xd6 /usr/lib/gcc/msp430/4.6.3/mmpy-16/libgcc.a(_mulsi3.o)
 .debug_info    0x000000d6       0xd6 /usr/lib/gcc/msp430/4.6.3/mmpy-16/libgcc.a(_udivmod16.o)
 .debug_info    0x000001ac       0xd6 /usr/lib/gcc/msp430/4.6.3/mmpy-16/libgcc.a(_divmod16.o)
 .debug_info    0x00000282       0xd6 /usr/lib/gcc/msp430/4.6.3/mmpy-16/libgcc.a(_udivmod32.o)
 .debug_info    0x00000358       0xbb /usr/lib/gcc/msp430/4.6.3/../../../../msp430/lib/mmpy-16/libc.a(strncmp.o)
 .debug_info    0x00000413       0xe8 /usr/lib/gcc/msp430/4.6.3/../../../../msp430/lib/mmpy-16/libc.a(memcmp.o)
 .debug_info    0x000004fb      0x113 /usr/lib/gcc/msp430/4.6.3/../../../../msp430/lib/mmpy-16/libc.a(memcpy.o)
 .debug_info    0x0000060e      0x113 /usr/lib/gcc/msp430/4.6.3/../../../../msp430/lib/mmpy-16/libc.a(memmove.o)
 .debug_info    0x00000721       0xfe /usr/lib/gcc/msp430/4.6.3/../../../../msp430/lib/mmpy-16/libc.a(memset.o)
 .debug_info    0x0000081f      0x105 /usr/lib/gcc/msp430/4.6.3/../../../../msp430/lib/mmpy-16/libc.a(printf.o)
 .debug_info    0x00000924      0x565 /usr/lib/gcc/msp430/4.6.3/../../../../msp430/lib/mmpy-16/libc.a(vuprintf.o)
 .debug_info    0x00000e89       0x96 /usr/lib/gcc/msp430/4.6.3/../../../../msp430/lib/mmpy-16/libc.a(puts.o)
 .debug_info    0x00000f1f      0x13f /usr/lib/gcc/msp430/4.6.3/../../../../msp430/lib/mmpy-16/libc.a(rand.o)
 .debug_info    0x0000105e       0xd6 /usr/lib/gcc/msp430/4.6.3/mmpy-16/libgcc.a(_udivmod64.o)
 .debug_info    0x00001134       0xb8 /usr/lib/gcc/msp430/4.6.3/mmpy-16/libcrt0.a(__watchdog_support.o)
 .debug_info    0x000011ec       0xb8 /usr/lib/gcc/msp430/4.6.3/mmpy-16/libcrt0.a(__init_stack.o)
 .debug_info    0x000012a4       0xb8 /usr/lib/gcc/msp430/4.6.3/mmpy-16/libcrt0.a(_copy_data.o)
 .debug_info    0x0000135c       0xb8 /usr/lib/gcc/msp430/4.6.3/mmpy-16/libcrt0.a(_clear_bss.o)
 .debug_info    0x00001414       0xb8 /usr/lib/gcc/msp430/4.6.3/mmpy-16/libcrt0.a(_endless_loop__.o)
 .debug_info    0x000014cc       0xb8 /usr/lib/gcc/msp430/4.6.3/mmpy-16/libcrt0.a(_unexpected_.o)
 *(.gnu.linkonce.wi.*)

.debug_abbrev   0x00000000      0x7cc
 *(.debug_abbrev)
 .debug_abbrev  0x00000000       0x14 /usr/lib/gcc/msp430/4.6.3/mmpy-16/libgcc.a(_mulsi3.o)
 .debug_abbrev  0x00000014       0x14 /usr/lib/gcc/msp430/4.6.3/mmpy-16/libgcc.a(_udivmod16.o)
 .debug_abbrev  0x00000028       0x14 /usr/lib/gcc/msp430/4.6.3/mmpy-16/libgcc.a(_divmod16.o)
 .debug_abbrev  0x0000003c       0x14 /usr/lib/gcc/msp430/4.6.3/mmpy-16/libgcc.a(_udivmod32.o)
 .debug_abbrev  0x00000050       0x7c /usr/lib/gcc/msp430/4.6.3/../../../../msp430/lib/mmpy-16/libc.a(strncmp.o)
 .debug_abbrev  0x000000cc       0x9b /usr/lib/gcc/msp430/4.6.3/../../../../msp430/lib/mmpy-16/libc.a(memcmp.o)
 .debug_abbrev  0x00000167       0x97 /usr/lib/gcc/msp430/4.6.3/../../../../msp430/lib/mmpy-16/libc.a(memcpy.o)
 .debug_abbrev  0x000001fe       0x97 /usr/lib/gcc/msp430/4.6.3/../../../../msp430/lib/mmpy-16/libc.a(memmove.o)
 .debug_abbrev  0x00000295       0x9c /usr/lib/gcc/msp430/4.6.3/../../../../msp430/lib/mmpy-16/libc.a(memset.o)
 .debug_abbrev  0x00000331       0xd0 /usr/lib/gcc/msp430/4.6.3/../../../../msp430/lib/mmpy-16/libc.a(printf.o)
 .debug_abbrev  0x00000401      0x1ef /usr/lib/gcc/msp430/4.6.3/../../../../msp430/lib/mmpy-16/libc.a(vuprintf.o)
 .debug_abbrev  0x000005f0       0x60 /usr/lib/gcc/msp430/4.6.3/../../../../msp430/lib/mmpy-16/libc.a(puts.o)
 .debug_abbrev  0x00000650       0xf0 /usr/lib/gcc/msp430/4.6.3/../../../../msp430/lib/mmpy-16/libc.a(rand.o)
 .debug_abbrev  0x00000740       0x14 /usr/lib/gcc/msp430/4.6.3/mmpy-16/libgcc.a(_udivmod64.o)
 .debug_abbrev  0x00000754       0x14 /usr/lib/gcc/msp430/4.6.3/mmpy-16/libcrt0.a(__watchdog_support.o)
 .debug_abbrev  0x00000768       0x14 /usr/lib/gcc/msp430/4.6.3/mmpy-16/libcrt0.a(__init_stack.o)
 .debug_abbrev  0x0000077c       0x14 /usr/lib/gcc/msp430/4.6.3/mmpy-16/libcrt0.a(_copy_data.o)
 .debug_abbrev  0x00000790       0x14 /usr/lib/gcc/msp430/4.6.3/mmpy-16/libcrt0.a(_clear_bss.o)
 .debug_abbrev  0x000007a4       0x14 /usr/lib/gcc/msp430/4.6.3/mmpy-16/libcrt0.a(_endless_loop__.o)
 .debug_abbrev  0x000007b8       0x14 /usr/lib/gcc/msp430/4.6.3/mmpy-16/libcrt0.a(_unexpected_.o)

.debug_line     0x00000000      0xdff
 *(.debug_line)
 .debug_line    0x00000000       0xa3 /usr/lib/gcc/msp430/4.6.3/mmpy-16/libgcc.a(_mulsi3.o)
 .debug_line    0x000000a3       0x9c /usr/lib/gcc/msp430/4.6.3/mmpy-16/libgcc.a(_udivmod16.o)
 .debug_line    0x0000013f       0xa7 /usr/lib/gcc/msp430/4.6.3/mmpy-16/libgcc.a(_divmod16.o)
 .debug_line    0x000001e6       0xab /usr/lib/gcc/msp430/4.6.3/mmpy-16/libgcc.a(_udivmod32.o)
 .debug_line    0x00000291       0x75 /usr/lib/gcc/msp430/4.6.3/../../../../msp430/lib/mmpy-16/libc.a(strncmp.o)
 .debug_line    0x00000306       0x73 /usr/lib/gcc/msp430/4.6.3/../../../../msp430/lib/mmpy-16/libc.a(memcmp.o)
 .debug_line    0x00000379       0xe9 /usr/lib/gcc/msp430/4.6.3/../../../../msp430/lib/mmpy-16/libc.a(memcpy.o)
 .debug_line    0x00000462       0xe9 /usr/lib/gcc/msp430/4.6.3/../../../../msp430/lib/mmpy-16/libc.a(memmove.o)
 .debug_line    0x0000054b       0xc8 /usr/lib/gcc/msp430/4.6.3/../../../../msp430/lib/mmpy-16/libc.a(memset.o)
 .debug_line    0x00000613       0x72 /usr/lib/gcc/msp430/4.6.3/../../../../msp430/lib/mmpy-16/libc.a(printf.o)
 .debug_line    0x00000685      0x2d2 /usr/lib/gcc/msp430/4.6.3/../../../../msp430/lib/mmpy-16/libc.a(vuprintf.o)
 .debug_line    0x00000957       0x4d /usr/lib/gcc/msp430/4.6.3/../../../../msp430/lib/mmpy-16/libc.a(puts.o)
 .debug_line    0x000009a4       0x4f /usr/lib/gcc/msp430/4.6.3/../../../../msp430/lib/mmpy-16/libc.a(rand.o)
 .debug_line    0x000009f3       0xf1 /usr/lib/gcc/msp430/4.6.3/mmpy-16/libgcc.a(_udivmod64.o)
 .debug_line    0x00000ae4       0x84 /usr/lib/gcc/msp430/4.6.3/mmpy-16/libcrt0.a(__watchdog_support.o)
 .debug_line    0x00000b68       0x82 /usr/lib/gcc/msp430/4.6.3/mmpy-16/libcrt0.a(__init_stack.o)
 .debug_line    0x00000bea       0x88 /usr/lib/gcc/msp430/4.6.3/mmpy-16/libcrt0.a(_copy_data.o)
 .debug_line    0x00000c72       0x88 /usr/lib/gcc/msp430/4.6.3/mmpy-16/libcrt0.a(_clear_bss.o)
 .debug_line    0x00000cfa       0x83 /usr/lib/gcc/msp430/4.6.3/mmpy-16/libcrt0.a(_endless_loop__.o)
 .debug_line    0x00000d7d       0x82 /usr/lib/gcc/msp430/4.6.3/mmpy-16/libcrt0.a(_unexpected_.o)

.debug_frame    0x00000000      0x224
 *(.debug_frame)
 .debug_frame   0x00000000       0x24 /usr/lib/gcc/msp430/4.6.3/../../../../msp430/lib/mmpy-16/libc.a(strncmp.o)
 .debug_frame   0x00000024       0x24 /usr/lib/gcc/msp430/4.6.3/../../../../msp430/lib/mmpy-16/libc.a(memcmp.o)
 .debug_frame   0x00000048       0x38 /usr/lib/gcc/msp430/4.6.3/../../../../msp430/lib/mmpy-16/libc.a(memcpy.o)
 .debug_frame   0x00000080       0x38 /usr/lib/gcc/msp430/4.6.3/../../../../msp430/lib/mmpy-16/libc.a(memmove.o)
 .debug_frame   0x000000b8       0x32 /usr/lib/gcc/msp430/4.6.3/../../../../msp430/lib/mmpy-16/libc.a(memset.o)
 .debug_frame   0x000000ea       0x2a /usr/lib/gcc/msp430/4.6.3/../../../../msp430/lib/mmpy-16/libc.a(printf.o)
 .debug_frame   0x00000114       0xb0 /usr/lib/gcc/msp430/4.6.3/../../../../msp430/lib/mmpy-16/libc.a(vuprintf.o)
 .debug_frame   0x000001c4       0x24 /usr/lib/gcc/msp430/4.6.3/../../../../msp430/lib/mmpy-16/libc.a(puts.o)
 .debug_frame   0x000001e8       0x3c /usr/lib/gcc/msp430/4.6.3/../../../../msp430/lib/mmpy-16/libc.a(rand.o)

.debug_str      0x00000000      0x3f7
 *(.debug_str)
 .debug_str     0x00000000       0xc4 /usr/lib/gcc/msp430/4.6.3/../../../../msp430/lib/mmpy-16/libc.a(strncmp.o)
                                 0xfd (size before relaxing)
 .debug_str     0x000000c4       0x19 /usr/lib/gcc/msp430/4.6.3/../../../../msp430/lib/mmpy-16/libc.a(memcmp.o)
                                 0xfb (size before relaxing)
 .debug_str     0x000000dd       0x34 /usr/lib/gcc/msp430/4.6.3/../../../../msp430/lib/mmpy-16/libc.a(memcpy.o)
                                0x116 (size before relaxing)
 .debug_str     0x00000111       0x1b /usr/lib/gcc/msp430/4.6.3/../../../../msp430/lib/mmpy-16/libc.a(memmove.o)
                                0x118 (size before relaxing)
 .debug_str     0x0000012c       0x26 /usr/lib/gcc/msp430/4.6.3/../../../../msp430/lib/mmpy-16/libc.a(memset.o)
                                0x114 (size before relaxing)
 .debug_str     0x00000152       0x40 /usr/lib/gcc/msp430/4.6.3/../../../../msp430/lib/mmpy-16/libc.a(printf.o)
                                0x12a (size before relaxing)
 .debug_str     0x00000192      0x221 /usr/lib/gcc/msp430/4.6.3/../../../../msp430/lib/mmpy-16/libc.a(vuprintf.o)
                                0x375 (size before relaxing)
 .debug_str     0x000003b3       0x15 /usr/lib/gcc/msp430/4.6.3/../../../../msp430/lib/mmpy-16/libc.a(puts.o)
                                 0xf0 (size before relaxing)
 .debug_str     0x000003c8       0x2f /usr/lib/gcc/msp430/4.6.3/../../../../msp430/lib/mmpy-16/libc.a(rand.o)
                                0x10f (size before relaxing)

.debug_loc      0x00000000      0xcdc
 *(.debug_loc)
 .debug_loc     0x00000000       0x38 /usr/lib/gcc/msp430/4.6.3/../../../../msp430/lib/mmpy-16/libc.a(strncmp.o)
 .debug_loc     0x00000038       0x5e /usr/lib/gcc/msp430/4.6.3/../../../../msp430/lib/mmpy-16/libc.a(memcmp.o)
 .debug_loc     0x00000096      0x1e9 /usr/lib/gcc/msp430/4.6.3/../../../../msp430/lib/mmpy-16/libc.a(memcpy.o)
 .debug_loc     0x0000027f      0x1e9 /usr/lib/gcc/msp430/4.6.3/../../../../msp430/lib/mmpy-16/libc.a(memmove.o)
 .debug_loc     0x00000468       0xdb /usr/lib/gcc/msp430/4.6.3/../../../../msp430/lib/mmpy-16/libc.a(memset.o)
 .debug_loc     0x00000543       0x38 /usr/lib/gcc/msp430/4.6.3/../../../../msp430/lib/mmpy-16/libc.a(printf.o)
 .debug_loc     0x0000057b      0x70c /usr/lib/gcc/msp430/4.6.3/../../../../msp430/lib/mmpy-16/libc.a(vuprintf.o)
 .debug_loc     0x00000c87       0x26 /usr/lib/gcc/msp430/4.6.3/../../../../msp430/lib/mmpy-16/libc.a(puts.o)
 .debug_loc     0x00000cad       0x2f /usr/lib/gcc/msp430/4.6.3/../../../../msp430/lib/mmpy-16/libc.a(rand.o)

.debug_macinfo
 *(.debug_macinfo)

.debug_pubtypes
 *(.debug_pubtypes)

.debug_ranges   0x00000000       0x18
 *(.debug_ranges)
 .debug_ranges  0x00000000       0x18 /usr/lib/gcc/msp430/4.6.3/../../../../msp430/lib/mmpy-16/libc.a(vuprintf.o)
                0x00003900                PROVIDE (__stack, (ORIGIN (ram) + 0x2800))
                0x0000f7fa                PROVIDE (__data_start_rom, _etext)
                0x0000f8e8                PROVIDE (__data_end_rom, (_etext + SIZEOF (.data)))
OUTPUT(2.sky elf32-msp430)
